<Model name="clazz" qualifiedName="clazz" visibility="public" xmi:id="_Cfp0UGmxEe2kLe5KTNzRtw" xmi:type="Model">
  <Class isAbstract="false" isActive="false" isFinalSpecialization="false" isLeaf="false" name="asd" qualifiedName="clazz::asd" visibility="public" xmi:id="_QE0EkK7gEe2EZoZ5sgiBCg" xmi:type="Class">
    <Property aggregation="none" isComposite="false" isDerived="false" isDerivedUnion="false" isID="false" isLeaf="false" isOrdered="false" isReadOnly="false" isStatic="false" isUnique="true" lower="3" name="NewProperty1" qualifiedName="clazz::asd::NewProperty1" upper="4" xmi:id="_bM_S4K7gEe2EZoZ5sgiBCg" xmi:type="Property">
      <LiteralInteger value="3" visibility="public" xmi:id="_bM_58K7gEe2EZoZ5sgiBCg" xmi:type="LiteralInteger" />
      <LiteralUnlimitedNatural value="4" visibility="public" xmi:id="_bNAhAK7gEe2EZoZ5sgiBCg" xmi:type="LiteralUnlimitedNatural" />
    </Property>
    <Property aggregation="none" isComposite="false" isDerived="false" isDerivedUnion="false" isID="false" isLeaf="false" isOrdered="false" isReadOnly="false" isStatic="false" isUnique="true" lower="1" name="NewProperty2" qualifiedName="clazz::asd::NewProperty2" upper="*" xmi:id="_g69BoK7oEe2EZoZ5sgiBCg" xmi:type="Property">
      <LiteralInteger value="1" visibility="public" xmi:id="_g69Boa7oEe2EZoZ5sgiBCg" xmi:type="LiteralInteger" />
      <LiteralUnlimitedNatural value="*" visibility="public" xmi:id="_g69Boq7oEe2EZoZ5sgiBCg" xmi:type="LiteralUnlimitedNatural" />
    </Property>
    <Property aggregation="shared" isComposite="false" isDerived="false" isDerivedUnion="false" isID="false" isLeaf="false" isOrdered="false" isReadOnly="false" isStatic="false" isUnique="true" lower="1" name="NewClass1" qualifiedName="clazz::asd::NewClass1" upper="1" xmi:id="_O3oC8bK1Ee24ffphK9Na6g" xmi:type="Property">
      <LiteralInteger value="1" visibility="public" xmi:id="_O3oqALK1Ee24ffphK9Na6g" xmi:type="LiteralInteger" />
      <LiteralUnlimitedNatural value="1" visibility="public" xmi:id="_O3oqAbK1Ee24ffphK9Na6g" xmi:type="LiteralUnlimitedNatural" />
    </Property>
    <Property aggregation="none" isComposite="false" isDerived="false" isDerivedUnion="false" isID="false" isLeaf="false" isOrdered="false" isReadOnly="false" isStatic="false" isUnique="true" lower="1" name="NewClass3" qualifiedName="clazz::asd::NewClass3" upper="1" xmi:id="_UahDwbK1Ee24ffphK9Na6g" xmi:type="Property">
      <LiteralInteger value="1" visibility="public" xmi:id="_Uahq0LK1Ee24ffphK9Na6g" xmi:type="LiteralInteger" />
      <LiteralUnlimitedNatural value="1" visibility="public" xmi:id="_Uahq0bK1Ee24ffphK9Na6g" xmi:type="LiteralUnlimitedNatural" />
    </Property>
    <Property aggregation="composite" isComposite="true" isDerived="false" isDerivedUnion="false" isID="false" isLeaf="false" isOrdered="false" isReadOnly="false" isStatic="false" isUnique="true" lower="1" name="new Class 4" qualifiedName="clazz::asd::new Class 4" upper="1" xmi:id="_VYMM8bK1Ee24ffphK9Na6g" xmi:type="Property">
      <LiteralInteger value="1" visibility="public" xmi:id="_VYM0ALK1Ee24ffphK9Na6g" xmi:type="LiteralInteger" />
      <LiteralUnlimitedNatural value="1" visibility="public" xmi:id="_VYM0AbK1Ee24ffphK9Na6g" xmi:type="LiteralUnlimitedNatural" />
    </Property>
    <InterfaceRealization visibility="public" xmi:id="_ay8lcLK1Ee24ffphK9Na6g" xmi:type="InterfaceRealization" />
    <Operation concurrency="sequential" isAbstract="false" isLeaf="false" isQuery="false" isStatic="false" name="NewOperation3" qualifiedName="clazz::asd::NewOperation3" xmi:id="_Cr6ZsK70Ee2EZoZ5sgiBCg" xmi:type="Operation" />
    <Operation concurrency="sequential" isAbstract="false" isLeaf="false" isQuery="false" isStatic="false" name="NewOperation1" qualifiedName="clazz::asd::NewOperation1" xmi:id="_r0YL0K70Ee2EZoZ5sgiBCg" xmi:type="Operation">
      <Parameter direction="return" isException="false" isOrdered="false" isStream="false" isUnique="true" name="NewParameter1" qualifiedName="clazz::asd::NewOperation1::NewParameter1" xmi:id="_Pf5kMbFSEe2z_s-Al402-w" xmi:type="Parameter" />
      <Parameter direction="return" isException="false" isOrdered="false" isStream="false" isUnique="true" name="NewParameter2" qualifiedName="clazz::asd::NewOperation1::NewParameter2" xmi:id="_TnD78LFUEe2z_s-Al402-w" xmi:type="Parameter" />
      <Parameter direction="in" isException="false" isOrdered="false" isStream="false" isUnique="true" name="NewParameter3" qualifiedName="clazz::asd::NewOperation1::NewParameter3" xmi:id="_YG02YLFVEe2z_s-Al402-w" xmi:type="Parameter" />
      <Parameter direction="in" isException="false" isOrdered="false" isStream="false" isUnique="true" name="NewParameter4" qualifiedName="clazz::asd::NewOperation1::NewParameter4" xmi:id="_huGJQbFuEe21bf9NlKs9Kg" xmi:type="Parameter" />
    </Operation>
  </Class>
  <DataType isAbstract="false" isFinalSpecialization="false" isLeaf="false" name="NewDataType1" qualifiedName="clazz::NewDataType1" visibility="public" xmi:id="_W7vZ8K79Ee2EZoZ5sgiBCg" xmi:type="DataType" />
  <Class isAbstract="true" isActive="false" isFinalSpecialization="false" isLeaf="false" name="NewClass2" qualifiedName="clazz::NewClass2" visibility="public" xmi:id="_7Y-R4LK0Ee24ffphK9Na6g" xmi:type="Class" />
  <Enumeration isAbstract="false" isFinalSpecialization="false" isLeaf="false" name="NewEnumeration1" qualifiedName="clazz::NewEnumeration1" visibility="public" xmi:id="_8Q6mgLK0Ee24ffphK9Na6g" xmi:type="Enumeration">
    <EnumerationLiteral name="NewEnumerationLiteral1" qualifiedName="clazz::NewEnumeration1::NewEnumerationLiteral1" visibility="public" xmi:id="__G-0sLK0Ee24ffphK9Na6g" xmi:type="EnumerationLiteral" />
  </Enumeration>
  <Interface isAbstract="false" isFinalSpecialization="false" isLeaf="false" name="NewInterface1" qualifiedName="clazz::NewInterface1" visibility="public" xmi:id="_9pVK8LK0Ee24ffphK9Na6g" xmi:type="Interface" />
  <Package name="NewPackage3" qualifiedName="clazz::NewPackage3" visibility="public" xmi:id="_99xw8LK0Ee24ffphK9Na6g" xmi:type="Package">
    <PackageImport visibility="public" xmi:id="_dxJb8LK1Ee24ffphK9Na6g" xmi:type="PackageImport" />
    <PackageMerge xmi:id="_e5mRwLK1Ee24ffphK9Na6g" xmi:type="PackageMerge" />
    <Package name="NewPackage1" qualifiedName="clazz::NewPackage3::NewPackage1" visibility="public" xmi:id="_AmwlYLK1Ee24ffphK9Na6g" xmi:type="Package" />
  </Package>
  <PrimitiveType isAbstract="false" isFinalSpecialization="false" isLeaf="false" name="NewPrimitiveType1" qualifiedName="clazz::NewPrimitiveType1" visibility="public" xmi:id="_-da6ULK0Ee24ffphK9Na6g" xmi:type="PrimitiveType">
    <Property aggregation="none" isComposite="false" isDerived="true" isDerivedUnion="false" isID="false" isLeaf="false" isOrdered="false" isReadOnly="false" isStatic="true" isUnique="true" lower="1" name="NewProperty1" qualifiedName="clazz::NewPrimitiveType1::NewProperty1" upper="1" xmi:id="_ipeAULK2Ee24ffphK9Na6g" xmi:type="Property">
      <LiteralInteger value="1" visibility="public" xmi:id="_ipenYLK2Ee24ffphK9Na6g" xmi:type="LiteralInteger" />
      <LiteralUnlimitedNatural value="1" visibility="public" xmi:id="_ipenYbK2Ee24ffphK9Na6g" xmi:type="LiteralUnlimitedNatural" />
    </Property>
  </PrimitiveType>
  <Abstraction visibility="public" xmi:id="_J2H38LK1Ee24ffphK9Na6g" xmi:type="Abstraction" />
  <Class isAbstract="false" isActive="false" isFinalSpecialization="false" isLeaf="false" name="NewClass1" qualifiedName="clazz::NewClass1" visibility="public" xmi:id="_MHjIALK1Ee24ffphK9Na6g" xmi:type="Class">
    <Property aggregation="none" isComposite="false" isDerived="false" isDerivedUnion="false" isID="false" isLeaf="false" isOrdered="false" isReadOnly="false" isStatic="false" isUnique="true" lower="1" name="asd" qualifiedName="clazz::NewClass1::asd" upper="1" xmi:id="_O3oqArK1Ee24ffphK9Na6g" xmi:type="Property">
      <LiteralInteger value="1" visibility="public" xmi:id="_O3oqA7K1Ee24ffphK9Na6g" xmi:type="LiteralInteger" />
      <LiteralUnlimitedNatural value="1" visibility="public" xmi:id="_O3oqBLK1Ee24ffphK9Na6g" xmi:type="LiteralUnlimitedNatural" />
    </Property>
  </Class>
  <Class isAbstract="false" isActive="false" isFinalSpecialization="false" isLeaf="false" name="NewClass3" qualifiedName="clazz::NewClass3" visibility="public" xmi:id="_Mg74YLK1Ee24ffphK9Na6g" xmi:type="Class">
    <Property aggregation="none" isComposite="false" isDerived="false" isDerivedUnion="false" isID="false" isLeaf="false" isOrdered="false" isReadOnly="false" isStatic="false" isUnique="true" lower="1" name="asd" qualifiedName="clazz::NewClass3::asd" upper="1" xmi:id="_UaiR4LK1Ee24ffphK9Na6g" xmi:type="Property">
      <LiteralInteger value="1" visibility="public" xmi:id="_UaiR4bK1Ee24ffphK9Na6g" xmi:type="LiteralInteger" />
      <LiteralUnlimitedNatural value="1" visibility="public" xmi:id="_UaiR4rK1Ee24ffphK9Na6g" xmi:type="LiteralUnlimitedNatural" />
    </Property>
  </Class>
  <Class isAbstract="false" isActive="false" isFinalSpecialization="false" isLeaf="false" name="NewClass4" qualifiedName="clazz::NewClass4" visibility="public" xmi:id="_M-U_ALK1Ee24ffphK9Na6g" xmi:type="Class">
    <Substitution visibility="public" xmi:id="_Gt7igLK2Ee24ffphK9Na6g" xmi:type="Substitution" />
    <Property aggregation="none" isComposite="false" isDerived="false" isDerivedUnion="false" isID="false" isLeaf="false" isOrdered="false" isReadOnly="false" isStatic="false" isUnique="true" lower="1" name="asd" qualifiedName="clazz::NewClass4::asd" upper="1" xmi:id="_VYM0ArK1Ee24ffphK9Na6g" xmi:type="Property">
      <LiteralInteger value="1" visibility="public" xmi:id="_VYNbELK1Ee24ffphK9Na6g" xmi:type="LiteralInteger" />
      <LiteralUnlimitedNatural value="1" visibility="public" xmi:id="_VYNbEbK1Ee24ffphK9Na6g" xmi:type="LiteralUnlimitedNatural" />
    </Property>
  </Class>
  <Class isAbstract="false" isActive="false" isFinalSpecialization="false" isLeaf="false" name="NewClass5" qualifiedName="clazz::NewClass5" visibility="public" xmi:id="_Nbk7sLK1Ee24ffphK9Na6g" xmi:type="Class" />
  <Association isAbstract="false" isDerived="false" isFinalSpecialization="false" isLeaf="false" visibility="public" xmi:id="_O3oC8LK1Ee24ffphK9Na6g" xmi:type="Association" />
  <Association isAbstract="false" isDerived="false" isFinalSpecialization="false" isLeaf="false" visibility="public" xmi:id="_UahDwLK1Ee24ffphK9Na6g" xmi:type="Association" />
  <Association isAbstract="false" isDerived="false" isFinalSpecialization="false" isLeaf="false" visibility="public" xmi:id="_VYMM8LK1Ee24ffphK9Na6g" xmi:type="Association" />
  <Dependency visibility="public" xmi:id="_XCaTELK1Ee24ffphK9Na6g" xmi:type="Dependency" />
  <Package name="NewPackage1" qualifiedName="clazz::NewPackage1" visibility="public" xmi:id="_dDtuMLK1Ee24ffphK9Na6g" xmi:type="Package">
    <PackageImport visibility="public" xmi:id="_wZ60QLK9Ee2fn9jN03lZYw" xmi:type="PackageImport" />
  </Package>
  <Package name="NewPackage2" qualifiedName="clazz::NewPackage2" visibility="public" xmi:id="_ed5NMLK1Ee24ffphK9Na6g" xmi:type="Package" />
  <Realization visibility="public" xmi:id="_ghLTkLK1Ee24ffphK9Na6g" xmi:type="Realization" />
  <Class isAbstract="false" isActive="false" isFinalSpecialization="false" isLeaf="false" name="NewClass6" qualifiedName="clazz::NewClass6" visibility="public" xmi:id="_D0YigLK2Ee24ffphK9Na6g" xmi:type="Class" />
  <Class isAbstract="false" isActive="false" isFinalSpecialization="false" isLeaf="false" name="NewClass7" qualifiedName="clazz::NewClass7" visibility="public" xmi:id="_EWMPELK2Ee24ffphK9Na6g" xmi:type="Class" />
  <Usage visibility="public" xmi:id="_FGLhkLK2Ee24ffphK9Na6g" xmi:type="Usage" />
  <Class isAbstract="false" isActive="false" isFinalSpecialization="false" isLeaf="false" name="asd2" qualifiedName="clazz::asd2" visibility="public" xmi:id="_LjfcIbSLEe2pkZx4lGC8Ew" xmi:type="Class">
    <Property aggregation="none" isComposite="false" isDerived="false" isDerivedUnion="false" isID="false" isLeaf="false" isOrdered="false" isReadOnly="false" isStatic="false" isUnique="true" lower="1" name="NewClass8" qualifiedName="clazz::asd2::NewClass8" upper="1" xmi:id="_ItfSANIcEe2rY5KN6ehSig" xmi:type="Property">
      <LiteralInteger value="1" visibility="public" xmi:id="_Itf5ENIcEe2rY5KN6ehSig" xmi:type="LiteralInteger" />
      <LiteralUnlimitedNatural value="1" visibility="public" xmi:id="_ItggINIcEe2rY5KN6ehSig" xmi:type="LiteralUnlimitedNatural" />
    </Property>
  </Class>
  <Class isAbstract="true" isActive="false" isFinalSpecialization="false" isLeaf="false" name="NewClass8" qualifiedName="clazz::NewClass8" visibility="public" xmi:id="_j12MQL0cEe2besM683MlUA" xmi:type="Class">
    <Property aggregation="none" isComposite="false" isDerived="false" isDerivedUnion="false" isID="false" isLeaf="false" isOrdered="false" isReadOnly="false" isStatic="false" isUnique="true" lower="1" name="asd2" qualifiedName="clazz::NewClass8::asd2" upper="1" xmi:id="_ItggIdIcEe2rY5KN6ehSig" xmi:type="Property">
      <LiteralInteger value="1" visibility="public" xmi:id="_ItggItIcEe2rY5KN6ehSig" xmi:type="LiteralInteger" />
      <LiteralUnlimitedNatural value="1" visibility="public" xmi:id="_IthHMNIcEe2rY5KN6ehSig" xmi:type="LiteralUnlimitedNatural" />
    </Property>
  </Class>
  <Class isAbstract="false" isActive="false" isFinalSpecialization="false" isLeaf="false" name="NewClass9" qualifiedName="clazz::NewClass9" visibility="public" xmi:id="_Uk2g0cymEe2SqIqlz0mqiA" xmi:type="Class">
    <Property aggregation="none" isComposite="false" isDerived="false" isDerivedUnion="false" isID="false" isLeaf="false" isOrdered="false" isReadOnly="false" isStatic="false" isUnique="true" lower="3" name="NewProperty1" qualifiedName="clazz::NewClass9::NewProperty1" upper="5" xmi:id="_uKNqAc1tEe2aWMTUBOnCiQ" xmi:type="Property">
      <LiteralInteger value="3" visibility="public" xmi:id="_uK1VEM1tEe2aWMTUBOnCiQ" xmi:type="LiteralInteger" />
      <LiteralUnlimitedNatural value="5" visibility="public" xmi:id="_uK1VEc1tEe2aWMTUBOnCiQ" xmi:type="LiteralUnlimitedNatural" />
    </Property>
    <Operation concurrency="sequential" isAbstract="false" isLeaf="false" isQuery="false" isStatic="false" name="NewOperation1" qualifiedName="clazz::NewClass9::NewOperation1" visibility="public" xmi:id="_45WxkM5PEe2J1pPdCxXkdw" xmi:type="Operation">
      <Parameter direction="in" isException="false" isOrdered="false" isStream="false" isUnique="true" name="NewParameter1" qualifiedName="clazz::NewClass9::NewOperation1::NewParameter1" xmi:id="_8YNeEM5PEe2J1pPdCxXkdw" xmi:type="Parameter" />
      <Parameter direction="return" isException="false" isOrdered="false" isStream="false" isUnique="true" name="NewParameter2" qualifiedName="clazz::NewClass9::NewOperation1::NewParameter2" xmi:id="_e-0x0dI3Ee2XPc95mjsJSg" xmi:type="Parameter" />
    </Operation>
  </Class>
  <Association isAbstract="false" isDerived="false" isFinalSpecialization="false" isLeaf="false" visibility="public" xmi:id="_ItM-INIcEe2rY5KN6ehSig" xmi:type="Association" />
</Model>
_-da6ULK0Ee24ffphK9Na6g -> <ownedElement /> -> _ipeAULK2Ee24ffphK9Na6g
_-da6ULK0Ee24ffphK9Na6g -> <owner /> -> _Cfp0UGmxEe2kLe5KTNzRtw
_45WxkM5PEe2J1pPdCxXkdw -> <ownedElement /> -> _8YNeEM5PEe2J1pPdCxXkdw
_45WxkM5PEe2J1pPdCxXkdw -> <ownedElement /> -> _e-0x0dI3Ee2XPc95mjsJSg
_45WxkM5PEe2J1pPdCxXkdw -> <owner /> -> _Uk2g0cymEe2SqIqlz0mqiA
_7Y-R4LK0Ee24ffphK9Na6g -> <owner /> -> _Cfp0UGmxEe2kLe5KTNzRtw
_8Q6mgLK0Ee24ffphK9Na6g -> <ownedElement /> -> __G-0sLK0Ee24ffphK9Na6g
_8Q6mgLK0Ee24ffphK9Na6g -> <owner /> -> _Cfp0UGmxEe2kLe5KTNzRtw
_8YNeEM5PEe2J1pPdCxXkdw -> <owner /> -> _45WxkM5PEe2J1pPdCxXkdw
_99xw8LK0Ee24ffphK9Na6g -> <ownedElement /> -> _AmwlYLK1Ee24ffphK9Na6g
_99xw8LK0Ee24ffphK9Na6g -> <ownedElement /> -> _dxJb8LK1Ee24ffphK9Na6g
_99xw8LK0Ee24ffphK9Na6g -> <ownedElement /> -> _e5mRwLK1Ee24ffphK9Na6g
_99xw8LK0Ee24ffphK9Na6g -> <owner /> -> _Cfp0UGmxEe2kLe5KTNzRtw
_9pVK8LK0Ee24ffphK9Na6g -> <owner /> -> _Cfp0UGmxEe2kLe5KTNzRtw
_AmwlYLK1Ee24ffphK9Na6g -> <owner /> -> _99xw8LK0Ee24ffphK9Na6g
_Cfp0UGmxEe2kLe5KTNzRtw -> <ownedElement /> -> _-da6ULK0Ee24ffphK9Na6g
_Cfp0UGmxEe2kLe5KTNzRtw -> <ownedElement /> -> _7Y-R4LK0Ee24ffphK9Na6g
_Cfp0UGmxEe2kLe5KTNzRtw -> <ownedElement /> -> _8Q6mgLK0Ee24ffphK9Na6g
_Cfp0UGmxEe2kLe5KTNzRtw -> <ownedElement /> -> _99xw8LK0Ee24ffphK9Na6g
_Cfp0UGmxEe2kLe5KTNzRtw -> <ownedElement /> -> _9pVK8LK0Ee24ffphK9Na6g
_Cfp0UGmxEe2kLe5KTNzRtw -> <ownedElement /> -> _D0YigLK2Ee24ffphK9Na6g
_Cfp0UGmxEe2kLe5KTNzRtw -> <ownedElement /> -> _EWMPELK2Ee24ffphK9Na6g
_Cfp0UGmxEe2kLe5KTNzRtw -> <ownedElement /> -> _FGLhkLK2Ee24ffphK9Na6g
_Cfp0UGmxEe2kLe5KTNzRtw -> <ownedElement /> -> _ItM-INIcEe2rY5KN6ehSig
_Cfp0UGmxEe2kLe5KTNzRtw -> <ownedElement /> -> _J2H38LK1Ee24ffphK9Na6g
_Cfp0UGmxEe2kLe5KTNzRtw -> <ownedElement /> -> _LjfcIbSLEe2pkZx4lGC8Ew
_Cfp0UGmxEe2kLe5KTNzRtw -> <ownedElement /> -> _M-U_ALK1Ee24ffphK9Na6g
_Cfp0UGmxEe2kLe5KTNzRtw -> <ownedElement /> -> _MHjIALK1Ee24ffphK9Na6g
_Cfp0UGmxEe2kLe5KTNzRtw -> <ownedElement /> -> _Mg74YLK1Ee24ffphK9Na6g
_Cfp0UGmxEe2kLe5KTNzRtw -> <ownedElement /> -> _Nbk7sLK1Ee24ffphK9Na6g
_Cfp0UGmxEe2kLe5KTNzRtw -> <ownedElement /> -> _O3oC8LK1Ee24ffphK9Na6g
_Cfp0UGmxEe2kLe5KTNzRtw -> <ownedElement /> -> _QE0EkK7gEe2EZoZ5sgiBCg
_Cfp0UGmxEe2kLe5KTNzRtw -> <ownedElement /> -> _UahDwLK1Ee24ffphK9Na6g
_Cfp0UGmxEe2kLe5KTNzRtw -> <ownedElement /> -> _Uk2g0cymEe2SqIqlz0mqiA
_Cfp0UGmxEe2kLe5KTNzRtw -> <ownedElement /> -> _VYMM8LK1Ee24ffphK9Na6g
_Cfp0UGmxEe2kLe5KTNzRtw -> <ownedElement /> -> _W7vZ8K79Ee2EZoZ5sgiBCg
_Cfp0UGmxEe2kLe5KTNzRtw -> <ownedElement /> -> _XCaTELK1Ee24ffphK9Na6g
_Cfp0UGmxEe2kLe5KTNzRtw -> <ownedElement /> -> _dDtuMLK1Ee24ffphK9Na6g
_Cfp0UGmxEe2kLe5KTNzRtw -> <ownedElement /> -> _ed5NMLK1Ee24ffphK9Na6g
_Cfp0UGmxEe2kLe5KTNzRtw -> <ownedElement /> -> _ghLTkLK1Ee24ffphK9Na6g
_Cfp0UGmxEe2kLe5KTNzRtw -> <ownedElement /> -> _j12MQL0cEe2besM683MlUA
_Cr6ZsK70Ee2EZoZ5sgiBCg -> <owner /> -> _QE0EkK7gEe2EZoZ5sgiBCg
_D0YigLK2Ee24ffphK9Na6g -> <owner /> -> _Cfp0UGmxEe2kLe5KTNzRtw
_EWMPELK2Ee24ffphK9Na6g -> <owner /> -> _Cfp0UGmxEe2kLe5KTNzRtw
_FGLhkLK2Ee24ffphK9Na6g -> <owner /> -> _Cfp0UGmxEe2kLe5KTNzRtw
_Gt7igLK2Ee24ffphK9Na6g -> <owner /> -> _M-U_ALK1Ee24ffphK9Na6g
_ItM-INIcEe2rY5KN6ehSig -> <owner /> -> _Cfp0UGmxEe2kLe5KTNzRtw
_Itf5ENIcEe2rY5KN6ehSig -> <owner /> -> _ItfSANIcEe2rY5KN6ehSig
_ItfSANIcEe2rY5KN6ehSig -> <ownedElement /> -> _Itf5ENIcEe2rY5KN6ehSig
_ItfSANIcEe2rY5KN6ehSig -> <ownedElement /> -> _ItggINIcEe2rY5KN6ehSig
_ItfSANIcEe2rY5KN6ehSig -> <owner /> -> _LjfcIbSLEe2pkZx4lGC8Ew
_ItggINIcEe2rY5KN6ehSig -> <owner /> -> _ItfSANIcEe2rY5KN6ehSig
_ItggIdIcEe2rY5KN6ehSig -> <ownedElement /> -> _ItggItIcEe2rY5KN6ehSig
_ItggIdIcEe2rY5KN6ehSig -> <ownedElement /> -> _IthHMNIcEe2rY5KN6ehSig
_ItggIdIcEe2rY5KN6ehSig -> <owner /> -> _j12MQL0cEe2besM683MlUA
_ItggItIcEe2rY5KN6ehSig -> <owner /> -> _ItggIdIcEe2rY5KN6ehSig
_IthHMNIcEe2rY5KN6ehSig -> <owner /> -> _ItggIdIcEe2rY5KN6ehSig
_J2H38LK1Ee24ffphK9Na6g -> <owner /> -> _Cfp0UGmxEe2kLe5KTNzRtw
_LjfcIbSLEe2pkZx4lGC8Ew -> <ownedElement /> -> _ItfSANIcEe2rY5KN6ehSig
_LjfcIbSLEe2pkZx4lGC8Ew -> <owner /> -> _Cfp0UGmxEe2kLe5KTNzRtw
_M-U_ALK1Ee24ffphK9Na6g -> <ownedElement /> -> _Gt7igLK2Ee24ffphK9Na6g
_M-U_ALK1Ee24ffphK9Na6g -> <ownedElement /> -> _VYM0ArK1Ee24ffphK9Na6g
_M-U_ALK1Ee24ffphK9Na6g -> <owner /> -> _Cfp0UGmxEe2kLe5KTNzRtw
_MHjIALK1Ee24ffphK9Na6g -> <ownedElement /> -> _O3oqArK1Ee24ffphK9Na6g
_MHjIALK1Ee24ffphK9Na6g -> <owner /> -> _Cfp0UGmxEe2kLe5KTNzRtw
_Mg74YLK1Ee24ffphK9Na6g -> <ownedElement /> -> _UaiR4LK1Ee24ffphK9Na6g
_Mg74YLK1Ee24ffphK9Na6g -> <owner /> -> _Cfp0UGmxEe2kLe5KTNzRtw
_Nbk7sLK1Ee24ffphK9Na6g -> <owner /> -> _Cfp0UGmxEe2kLe5KTNzRtw
_O3oC8LK1Ee24ffphK9Na6g -> <owner /> -> _Cfp0UGmxEe2kLe5KTNzRtw
_O3oC8bK1Ee24ffphK9Na6g -> <ownedElement /> -> _O3oqALK1Ee24ffphK9Na6g
_O3oC8bK1Ee24ffphK9Na6g -> <ownedElement /> -> _O3oqAbK1Ee24ffphK9Na6g
_O3oC8bK1Ee24ffphK9Na6g -> <owner /> -> _QE0EkK7gEe2EZoZ5sgiBCg
_O3oqA7K1Ee24ffphK9Na6g -> <owner /> -> _O3oqArK1Ee24ffphK9Na6g
_O3oqALK1Ee24ffphK9Na6g -> <owner /> -> _O3oC8bK1Ee24ffphK9Na6g
_O3oqAbK1Ee24ffphK9Na6g -> <owner /> -> _O3oC8bK1Ee24ffphK9Na6g
_O3oqArK1Ee24ffphK9Na6g -> <ownedElement /> -> _O3oqA7K1Ee24ffphK9Na6g
_O3oqArK1Ee24ffphK9Na6g -> <ownedElement /> -> _O3oqBLK1Ee24ffphK9Na6g
_O3oqArK1Ee24ffphK9Na6g -> <owner /> -> _MHjIALK1Ee24ffphK9Na6g
_O3oqBLK1Ee24ffphK9Na6g -> <owner /> -> _O3oqArK1Ee24ffphK9Na6g
_Pf5kMbFSEe2z_s-Al402-w -> <owner /> -> _r0YL0K70Ee2EZoZ5sgiBCg
_QE0EkK7gEe2EZoZ5sgiBCg -> <ownedElement /> -> _Cr6ZsK70Ee2EZoZ5sgiBCg
_QE0EkK7gEe2EZoZ5sgiBCg -> <ownedElement /> -> _O3oC8bK1Ee24ffphK9Na6g
_QE0EkK7gEe2EZoZ5sgiBCg -> <ownedElement /> -> _UahDwbK1Ee24ffphK9Na6g
_QE0EkK7gEe2EZoZ5sgiBCg -> <ownedElement /> -> _VYMM8bK1Ee24ffphK9Na6g
_QE0EkK7gEe2EZoZ5sgiBCg -> <ownedElement /> -> _ay8lcLK1Ee24ffphK9Na6g
_QE0EkK7gEe2EZoZ5sgiBCg -> <ownedElement /> -> _bM_S4K7gEe2EZoZ5sgiBCg
_QE0EkK7gEe2EZoZ5sgiBCg -> <ownedElement /> -> _g69BoK7oEe2EZoZ5sgiBCg
_QE0EkK7gEe2EZoZ5sgiBCg -> <ownedElement /> -> _r0YL0K70Ee2EZoZ5sgiBCg
_QE0EkK7gEe2EZoZ5sgiBCg -> <owner /> -> _Cfp0UGmxEe2kLe5KTNzRtw
_TnD78LFUEe2z_s-Al402-w -> <owner /> -> _r0YL0K70Ee2EZoZ5sgiBCg
_UahDwLK1Ee24ffphK9Na6g -> <owner /> -> _Cfp0UGmxEe2kLe5KTNzRtw
_UahDwbK1Ee24ffphK9Na6g -> <ownedElement /> -> _Uahq0LK1Ee24ffphK9Na6g
_UahDwbK1Ee24ffphK9Na6g -> <ownedElement /> -> _Uahq0bK1Ee24ffphK9Na6g
_UahDwbK1Ee24ffphK9Na6g -> <owner /> -> _QE0EkK7gEe2EZoZ5sgiBCg
_Uahq0LK1Ee24ffphK9Na6g -> <owner /> -> _UahDwbK1Ee24ffphK9Na6g
_Uahq0bK1Ee24ffphK9Na6g -> <owner /> -> _UahDwbK1Ee24ffphK9Na6g
_UaiR4LK1Ee24ffphK9Na6g -> <ownedElement /> -> _UaiR4bK1Ee24ffphK9Na6g
_UaiR4LK1Ee24ffphK9Na6g -> <ownedElement /> -> _UaiR4rK1Ee24ffphK9Na6g
_UaiR4LK1Ee24ffphK9Na6g -> <owner /> -> _Mg74YLK1Ee24ffphK9Na6g
_UaiR4bK1Ee24ffphK9Na6g -> <owner /> -> _UaiR4LK1Ee24ffphK9Na6g
_UaiR4rK1Ee24ffphK9Na6g -> <owner /> -> _UaiR4LK1Ee24ffphK9Na6g
_Uk2g0cymEe2SqIqlz0mqiA -> <ownedElement /> -> _45WxkM5PEe2J1pPdCxXkdw
_Uk2g0cymEe2SqIqlz0mqiA -> <ownedElement /> -> _uKNqAc1tEe2aWMTUBOnCiQ
_Uk2g0cymEe2SqIqlz0mqiA -> <owner /> -> _Cfp0UGmxEe2kLe5KTNzRtw
_VYM0ALK1Ee24ffphK9Na6g -> <owner /> -> _VYMM8bK1Ee24ffphK9Na6g
_VYM0AbK1Ee24ffphK9Na6g -> <owner /> -> _VYMM8bK1Ee24ffphK9Na6g
_VYM0ArK1Ee24ffphK9Na6g -> <ownedElement /> -> _VYNbELK1Ee24ffphK9Na6g
_VYM0ArK1Ee24ffphK9Na6g -> <ownedElement /> -> _VYNbEbK1Ee24ffphK9Na6g
_VYM0ArK1Ee24ffphK9Na6g -> <owner /> -> _M-U_ALK1Ee24ffphK9Na6g
_VYMM8LK1Ee24ffphK9Na6g -> <owner /> -> _Cfp0UGmxEe2kLe5KTNzRtw
_VYMM8bK1Ee24ffphK9Na6g -> <ownedElement /> -> _VYM0ALK1Ee24ffphK9Na6g
_VYMM8bK1Ee24ffphK9Na6g -> <ownedElement /> -> _VYM0AbK1Ee24ffphK9Na6g
_VYMM8bK1Ee24ffphK9Na6g -> <owner /> -> _QE0EkK7gEe2EZoZ5sgiBCg
_VYNbELK1Ee24ffphK9Na6g -> <owner /> -> _VYM0ArK1Ee24ffphK9Na6g
_VYNbEbK1Ee24ffphK9Na6g -> <owner /> -> _VYM0ArK1Ee24ffphK9Na6g
_W7vZ8K79Ee2EZoZ5sgiBCg -> <owner /> -> _Cfp0UGmxEe2kLe5KTNzRtw
_XCaTELK1Ee24ffphK9Na6g -> <owner /> -> _Cfp0UGmxEe2kLe5KTNzRtw
_YG02YLFVEe2z_s-Al402-w -> <owner /> -> _r0YL0K70Ee2EZoZ5sgiBCg
__G-0sLK0Ee24ffphK9Na6g -> <owner /> -> _8Q6mgLK0Ee24ffphK9Na6g
_ay8lcLK1Ee24ffphK9Na6g -> <owner /> -> _QE0EkK7gEe2EZoZ5sgiBCg
_bM_58K7gEe2EZoZ5sgiBCg -> <owner /> -> _bM_S4K7gEe2EZoZ5sgiBCg
_bM_S4K7gEe2EZoZ5sgiBCg -> <ownedElement /> -> _bM_58K7gEe2EZoZ5sgiBCg
_bM_S4K7gEe2EZoZ5sgiBCg -> <ownedElement /> -> _bNAhAK7gEe2EZoZ5sgiBCg
_bM_S4K7gEe2EZoZ5sgiBCg -> <owner /> -> _QE0EkK7gEe2EZoZ5sgiBCg
_bNAhAK7gEe2EZoZ5sgiBCg -> <owner /> -> _bM_S4K7gEe2EZoZ5sgiBCg
_dDtuMLK1Ee24ffphK9Na6g -> <ownedElement /> -> _wZ60QLK9Ee2fn9jN03lZYw
_dDtuMLK1Ee24ffphK9Na6g -> <owner /> -> _Cfp0UGmxEe2kLe5KTNzRtw
_dxJb8LK1Ee24ffphK9Na6g -> <owner /> -> _99xw8LK0Ee24ffphK9Na6g
_e-0x0dI3Ee2XPc95mjsJSg -> <owner /> -> _45WxkM5PEe2J1pPdCxXkdw
_e5mRwLK1Ee24ffphK9Na6g -> <owner /> -> _99xw8LK0Ee24ffphK9Na6g
_ed5NMLK1Ee24ffphK9Na6g -> <owner /> -> _Cfp0UGmxEe2kLe5KTNzRtw
_g69BoK7oEe2EZoZ5sgiBCg -> <ownedElement /> -> _g69Boa7oEe2EZoZ5sgiBCg
_g69BoK7oEe2EZoZ5sgiBCg -> <ownedElement /> -> _g69Boq7oEe2EZoZ5sgiBCg
_g69BoK7oEe2EZoZ5sgiBCg -> <owner /> -> _QE0EkK7gEe2EZoZ5sgiBCg
_g69Boa7oEe2EZoZ5sgiBCg -> <owner /> -> _g69BoK7oEe2EZoZ5sgiBCg
_g69Boq7oEe2EZoZ5sgiBCg -> <owner /> -> _g69BoK7oEe2EZoZ5sgiBCg
_ghLTkLK1Ee24ffphK9Na6g -> <owner /> -> _Cfp0UGmxEe2kLe5KTNzRtw
_huGJQbFuEe21bf9NlKs9Kg -> <owner /> -> _r0YL0K70Ee2EZoZ5sgiBCg
_ipeAULK2Ee24ffphK9Na6g -> <ownedElement /> -> _ipenYLK2Ee24ffphK9Na6g
_ipeAULK2Ee24ffphK9Na6g -> <ownedElement /> -> _ipenYbK2Ee24ffphK9Na6g
_ipeAULK2Ee24ffphK9Na6g -> <owner /> -> _-da6ULK0Ee24ffphK9Na6g
_ipenYLK2Ee24ffphK9Na6g -> <owner /> -> _ipeAULK2Ee24ffphK9Na6g
_ipenYbK2Ee24ffphK9Na6g -> <owner /> -> _ipeAULK2Ee24ffphK9Na6g
_j12MQL0cEe2besM683MlUA -> <ownedElement /> -> _ItggIdIcEe2rY5KN6ehSig
_j12MQL0cEe2besM683MlUA -> <owner /> -> _Cfp0UGmxEe2kLe5KTNzRtw
_r0YL0K70Ee2EZoZ5sgiBCg -> <ownedElement /> -> _Pf5kMbFSEe2z_s-Al402-w
_r0YL0K70Ee2EZoZ5sgiBCg -> <ownedElement /> -> _TnD78LFUEe2z_s-Al402-w
_r0YL0K70Ee2EZoZ5sgiBCg -> <ownedElement /> -> _YG02YLFVEe2z_s-Al402-w
_r0YL0K70Ee2EZoZ5sgiBCg -> <ownedElement /> -> _huGJQbFuEe21bf9NlKs9Kg
_r0YL0K70Ee2EZoZ5sgiBCg -> <owner /> -> _QE0EkK7gEe2EZoZ5sgiBCg
_uK1VEM1tEe2aWMTUBOnCiQ -> <owner /> -> _uKNqAc1tEe2aWMTUBOnCiQ
_uK1VEc1tEe2aWMTUBOnCiQ -> <owner /> -> _uKNqAc1tEe2aWMTUBOnCiQ
_uKNqAc1tEe2aWMTUBOnCiQ -> <ownedElement /> -> _uK1VEM1tEe2aWMTUBOnCiQ
_uKNqAc1tEe2aWMTUBOnCiQ -> <ownedElement /> -> _uK1VEc1tEe2aWMTUBOnCiQ
_uKNqAc1tEe2aWMTUBOnCiQ -> <owner /> -> _Uk2g0cymEe2SqIqlz0mqiA
_wZ60QLK9Ee2fn9jN03lZYw -> <owner /> -> _dDtuMLK1Ee24ffphK9Na6g