<Model name="ownedPort" visibility="public" xmi:id="_yoiHINu2Ee65YvY_tzBAgQ" xmi:type="Model">
  <PackageImport visibility="public" xmi:id="_yxEYENu2Ee65YvY_tzBAgQ" xmi:type="PackageImport">
    <Model visibility="public" xmi:id="eu.yeger#generated-id-0" xmi:type="Model" />
  </PackageImport>
  <Class isAbstract="false" isActive="false" isFinalSpecialization="false" isLeaf="false" name="TestClass" visibility="public" xmi:id="_7gC6YNu2Ee65YvY_tzBAgQ" xmi:type="Class">
    <Generalization isSubstitutable="true" xmi:id="_OgQboN0aEe6kj4CCWHMNuw" xmi:type="Generalization" />
    <Generalization isSubstitutable="true" xmi:id="_myJ5QN0aEe6kj4CCWHMNuw" xmi:type="Generalization" />
    <Port aggregation="composite" isBehavior="false" isComposite="true" isConjugated="false" isDerived="false" isDerivedUnion="false" isID="false" isLeaf="false" isOrdered="false" isReadOnly="false" isService="true" isStatic="false" isUnique="true" name="TestPort" visibility="public" xmi:id="_-IKzMNu2Ee65YvY_tzBAgQ" xmi:type="Port" />
    <Property aggregation="none" isComposite="false" isDerived="false" isDerivedUnion="false" isID="false" isLeaf="false" isOrdered="false" isReadOnly="false" isStatic="false" isUnique="true" name="TestProperty" visibility="package" xmi:id="_Q2FY8Nu5Ee65YvY_tzBAgQ" xmi:type="Property">
      <TimeInterval name="TestTimeInterval" visibility="public" xmi:id="_zNKW0Nu5Ee65YvY_tzBAgQ" xmi:type="TimeInterval" />
    </Property>
    <Operation concurrency="concurrent" isAbstract="false" isLeaf="false" isQuery="false" isStatic="false" name="TestOperation" xmi:id="_ZNSfANu6Ee65YvY_tzBAgQ" xmi:type="Operation">
      <Parameter direction="return" effect="create" isException="false" isOrdered="false" isStream="false" isUnique="true" name="TestReturnParameter" upper="*" visibility="public" xmi:id="_fmHpUNu6Ee65YvY_tzBAgQ" xmi:type="Parameter">
        <LiteralInteger value="0" visibility="public" xmi:id="_jaGRQNu6Ee65YvY_tzBAgQ" xmi:type="LiteralInteger" />
        <LiteralUnlimitedNatural value="*" visibility="public" xmi:id="_jZl68Nu6Ee65YvY_tzBAgQ" xmi:type="LiteralUnlimitedNatural" />
      </Parameter>
      <TemplateSignature xmi:id="_adJScNu8Ee65YvY_tzBAgQ" xmi:type="TemplateSignature">
        <OperationTemplateParameter xmi:id="_cJ36ANu8Ee65YvY_tzBAgQ" xmi:type="OperationTemplateParameter" />
      </TemplateSignature>
    </Operation>
    <Class isAbstract="false" isActive="false" isFinalSpecialization="false" isLeaf="false" name="NestedParent" visibility="public" xmi:id="_f9gVoN0aEe6kj4CCWHMNuw" xmi:type="Class">
      <Property aggregation="none" isComposite="false" isDerived="false" isDerivedUnion="false" isID="false" isLeaf="false" isOrdered="false" isReadOnly="false" isStatic="false" isUnique="true" name="NestedParentProperty" visibility="public" xmi:id="_iR3k8N0aEe6kj4CCWHMNuw" xmi:type="Property" />
    </Class>
  </Class>
  <Class isAbstract="false" isActive="false" isFinalSpecialization="false" isLeaf="false" name="Parent" visibility="public" xmi:id="_Lr_kQN0aEe6kj4CCWHMNuw" xmi:type="Class">
    <Property aggregation="none" isComposite="false" isDerived="false" isDerivedUnion="false" isID="false" isLeaf="false" isOrdered="false" isReadOnly="false" isStatic="false" isUnique="true" name="ParentProperty" visibility="public" xmi:id="_RBlv8N0aEe6kj4CCWHMNuw" xmi:type="Property" />
  </Class>
  <Package name="ParentPackage" visibility="public" xmi:id="_7qZgYN_AEe6kj4CCWHMNuw" xmi:type="Package">
    <Package name="NestedPackage" visibility="public" xmi:id="_-Dv9YN_AEe6kj4CCWHMNuw" xmi:type="Package" />
    <Interface isAbstract="false" isFinalSpecialization="false" isLeaf="false" name="ParentInterface" visibility="public" xmi:id="_COyacN_BEe6kj4CCWHMNuw" xmi:type="Interface">
      <Interface isAbstract="false" isFinalSpecialization="false" isLeaf="false" name="NestedInterface" visibility="public" xmi:id="_E1syUN_BEe6kj4CCWHMNuw" xmi:type="Interface" />
    </Interface>
  </Package>
  <Package name="ImportingPackage" visibility="public" xmi:id="_xBwPAOB2Ee6kj4CCWHMNuw" xmi:type="Package">
    <PackageImport visibility="public" xmi:id="_0Fpd0OB2Ee6kj4CCWHMNuw" xmi:type="PackageImport" />
  </Package>
</Model>
_-Dv9YN_AEe6kj4CCWHMNuw -> <owner /> -> _7qZgYN_AEe6kj4CCWHMNuw
_-IKzMNu2Ee65YvY_tzBAgQ -> <owner /> -> _7gC6YNu2Ee65YvY_tzBAgQ
_0Fpd0OB2Ee6kj4CCWHMNuw -> <owner /> -> _xBwPAOB2Ee6kj4CCWHMNuw
_7gC6YNu2Ee65YvY_tzBAgQ -> <ownedElement /> -> _-IKzMNu2Ee65YvY_tzBAgQ
_7gC6YNu2Ee65YvY_tzBAgQ -> <ownedElement /> -> _OgQboN0aEe6kj4CCWHMNuw
_7gC6YNu2Ee65YvY_tzBAgQ -> <ownedElement /> -> _Q2FY8Nu5Ee65YvY_tzBAgQ
_7gC6YNu2Ee65YvY_tzBAgQ -> <ownedElement /> -> _ZNSfANu6Ee65YvY_tzBAgQ
_7gC6YNu2Ee65YvY_tzBAgQ -> <ownedElement /> -> _f9gVoN0aEe6kj4CCWHMNuw
_7gC6YNu2Ee65YvY_tzBAgQ -> <ownedElement /> -> _myJ5QN0aEe6kj4CCWHMNuw
_7gC6YNu2Ee65YvY_tzBAgQ -> <owner /> -> _yoiHINu2Ee65YvY_tzBAgQ
_7qZgYN_AEe6kj4CCWHMNuw -> <ownedElement /> -> _-Dv9YN_AEe6kj4CCWHMNuw
_7qZgYN_AEe6kj4CCWHMNuw -> <ownedElement /> -> _COyacN_BEe6kj4CCWHMNuw
_7qZgYN_AEe6kj4CCWHMNuw -> <owner /> -> _yoiHINu2Ee65YvY_tzBAgQ
_COyacN_BEe6kj4CCWHMNuw -> <ownedElement /> -> _E1syUN_BEe6kj4CCWHMNuw
_COyacN_BEe6kj4CCWHMNuw -> <owner /> -> _7qZgYN_AEe6kj4CCWHMNuw
_E1syUN_BEe6kj4CCWHMNuw -> <owner /> -> _COyacN_BEe6kj4CCWHMNuw
_Lr_kQN0aEe6kj4CCWHMNuw -> <ownedElement /> -> _RBlv8N0aEe6kj4CCWHMNuw
_Lr_kQN0aEe6kj4CCWHMNuw -> <owner /> -> _yoiHINu2Ee65YvY_tzBAgQ
_OgQboN0aEe6kj4CCWHMNuw -> <owner /> -> _7gC6YNu2Ee65YvY_tzBAgQ
_Q2FY8Nu5Ee65YvY_tzBAgQ -> <ownedElement /> -> _zNKW0Nu5Ee65YvY_tzBAgQ
_Q2FY8Nu5Ee65YvY_tzBAgQ -> <owner /> -> _7gC6YNu2Ee65YvY_tzBAgQ
_RBlv8N0aEe6kj4CCWHMNuw -> <owner /> -> _Lr_kQN0aEe6kj4CCWHMNuw
_ZNSfANu6Ee65YvY_tzBAgQ -> <ownedElement /> -> _adJScNu8Ee65YvY_tzBAgQ
_ZNSfANu6Ee65YvY_tzBAgQ -> <ownedElement /> -> _fmHpUNu6Ee65YvY_tzBAgQ
_ZNSfANu6Ee65YvY_tzBAgQ -> <owner /> -> _7gC6YNu2Ee65YvY_tzBAgQ
_adJScNu8Ee65YvY_tzBAgQ -> <ownedElement /> -> _cJ36ANu8Ee65YvY_tzBAgQ
_adJScNu8Ee65YvY_tzBAgQ -> <owner /> -> _ZNSfANu6Ee65YvY_tzBAgQ
_cJ36ANu8Ee65YvY_tzBAgQ -> <owner /> -> _adJScNu8Ee65YvY_tzBAgQ
_f9gVoN0aEe6kj4CCWHMNuw -> <ownedElement /> -> _iR3k8N0aEe6kj4CCWHMNuw
_f9gVoN0aEe6kj4CCWHMNuw -> <owner /> -> _7gC6YNu2Ee65YvY_tzBAgQ
_fmHpUNu6Ee65YvY_tzBAgQ -> <ownedElement /> -> _jZl68Nu6Ee65YvY_tzBAgQ
_fmHpUNu6Ee65YvY_tzBAgQ -> <ownedElement /> -> _jaGRQNu6Ee65YvY_tzBAgQ
_fmHpUNu6Ee65YvY_tzBAgQ -> <owner /> -> _ZNSfANu6Ee65YvY_tzBAgQ
_iR3k8N0aEe6kj4CCWHMNuw -> <owner /> -> _f9gVoN0aEe6kj4CCWHMNuw
_jZl68Nu6Ee65YvY_tzBAgQ -> <owner /> -> _fmHpUNu6Ee65YvY_tzBAgQ
_jaGRQNu6Ee65YvY_tzBAgQ -> <owner /> -> _fmHpUNu6Ee65YvY_tzBAgQ
_myJ5QN0aEe6kj4CCWHMNuw -> <owner /> -> _7gC6YNu2Ee65YvY_tzBAgQ
_xBwPAOB2Ee6kj4CCWHMNuw -> <ownedElement /> -> _0Fpd0OB2Ee6kj4CCWHMNuw
_xBwPAOB2Ee6kj4CCWHMNuw -> <owner /> -> _yoiHINu2Ee65YvY_tzBAgQ
_yoiHINu2Ee65YvY_tzBAgQ -> <ownedElement /> -> _7gC6YNu2Ee65YvY_tzBAgQ
_yoiHINu2Ee65YvY_tzBAgQ -> <ownedElement /> -> _7qZgYN_AEe6kj4CCWHMNuw
_yoiHINu2Ee65YvY_tzBAgQ -> <ownedElement /> -> _Lr_kQN0aEe6kj4CCWHMNuw
_yoiHINu2Ee65YvY_tzBAgQ -> <ownedElement /> -> _xBwPAOB2Ee6kj4CCWHMNuw
_yoiHINu2Ee65YvY_tzBAgQ -> <ownedElement /> -> _yxEYENu2Ee65YvY_tzBAgQ
_yxEYENu2Ee65YvY_tzBAgQ -> <ownedElement /> -> eu.yeger#generated-id-0
_yxEYENu2Ee65YvY_tzBAgQ -> <owner /> -> _yoiHINu2Ee65YvY_tzBAgQ
_zNKW0Nu5Ee65YvY_tzBAgQ -> <owner /> -> _Q2FY8Nu5Ee65YvY_tzBAgQ
eu.yeger#generated-id-0 -> <owner /> -> _yxEYENu2Ee65YvY_tzBAgQ