<Model xmi:id="_yoiHINu2Ee65YvY_tzBAgQ" name="ownedPort" xmi:type="Model" visibility="public">
  <Class xmi:type="Class" xmi:id="_7gC6YNu2Ee65YvY_tzBAgQ" name="TestClass" isAbstract="false" isActive="false" isFinalSpecialization="false" visibility="public" isLeaf="false">
    <Port xmi:type="Port" xmi:id="_-IKzMNu2Ee65YvY_tzBAgQ" name="TestPort" visibility="public" aggregation="composite" isBehavior="false" isConjugated="false" isService="true" isComposite="true" isDerived="false" isDerivedUnion="false" isID="false" isReadOnly="false" isOrdered="false" isUnique="true" isStatic="false" isLeaf="false" />
    <Property xmi:type="Property" xmi:id="_Q2FY8Nu5Ee65YvY_tzBAgQ" name="TestProperty" visibility="package" aggregation="none" isComposite="false" isDerived="false" isDerivedUnion="false" isID="false" isReadOnly="false" isOrdered="false" isUnique="true" isStatic="false" isLeaf="false">
      <TimeInterval xmi:type="TimeInterval" xmi:id="_zNKW0Nu5Ee65YvY_tzBAgQ" name="TestTimeInterval" visibility="public" />
    </Property>
    <Operation xmi:type="Operation" xmi:id="_ZNSfANu6Ee65YvY_tzBAgQ" name="TestOperation" concurrency="concurrent" isQuery="false" isAbstract="false" isStatic="false" isLeaf="false">
      <Parameter xmi:type="Parameter" xmi:id="_fmHpUNu6Ee65YvY_tzBAgQ" name="TestReturnParameter" visibility="public" direction="return" effect="create" isException="false" isStream="false" isOrdered="false" isUnique="true" upper="*">
        <LiteralInteger xmi:type="LiteralInteger" xmi:id="_jaGRQNu6Ee65YvY_tzBAgQ" value="0" visibility="public" />
        <LiteralUnlimitedNatural xmi:type="LiteralUnlimitedNatural" xmi:id="_jZl68Nu6Ee65YvY_tzBAgQ" value="*" visibility="public" />
      </Parameter>
      <TemplateSignature xmi:type="TemplateSignature" xmi:id="_adJScNu8Ee65YvY_tzBAgQ">
        <OperationTemplateParameter xmi:type="OperationTemplateParameter" xmi:id="_cJ36ANu8Ee65YvY_tzBAgQ" />
      </TemplateSignature>
    </Operation>
    <Class xmi:type="Class" xmi:id="_f9gVoN0aEe6kj4CCWHMNuw" name="NestedParent" isAbstract="false" isActive="false" isFinalSpecialization="false" visibility="public" isLeaf="false">
      <Property xmi:type="Property" xmi:id="_iR3k8N0aEe6kj4CCWHMNuw" name="NestedParentProperty" visibility="public" aggregation="none" isComposite="false" isDerived="false" isDerivedUnion="false" isID="false" isReadOnly="false" isOrdered="false" isUnique="true" isStatic="false" isLeaf="false" />
    </Class>
  </Class>
  <Class xmi:type="Class" xmi:id="_Lr_kQN0aEe6kj4CCWHMNuw" name="Parent" isAbstract="false" isActive="false" isFinalSpecialization="false" visibility="public" isLeaf="false">
    <Property xmi:type="Property" xmi:id="_RBlv8N0aEe6kj4CCWHMNuw" name="ParentProperty" visibility="public" aggregation="none" isComposite="false" isDerived="false" isDerivedUnion="false" isID="false" isReadOnly="false" isOrdered="false" isUnique="true" isStatic="false" isLeaf="false" />
  </Class>
  <Package xmi:type="Package" xmi:id="_7qZgYN_AEe6kj4CCWHMNuw" name="ParentPackage" visibility="public">
    <Package xmi:type="Package" xmi:id="_-Dv9YN_AEe6kj4CCWHMNuw" name="NestedPackage" visibility="public" />
    <Interface xmi:type="Interface" xmi:id="_COyacN_BEe6kj4CCWHMNuw" name="ParentInterface" isAbstract="false" isFinalSpecialization="false" visibility="public" isLeaf="false">
      <Interface xmi:type="Interface" xmi:id="_E1syUN_BEe6kj4CCWHMNuw" name="NestedInterface" isAbstract="false" isFinalSpecialization="false" visibility="public" isLeaf="false" />
    </Interface>
  </Package>
  <Package xmi:type="Package" xmi:id="_xBwPAOB2Ee6kj4CCWHMNuw" name="ImportingPackage" visibility="public" />
  <Model xmi:type="Model" visibility="public" xmi:id="eu.yeger#generated-id-0" />
</Model>
_-Dv9YN_AEe6kj4CCWHMNuw -> <owner /> -> _7qZgYN_AEe6kj4CCWHMNuw
_-IKzMNu2Ee65YvY_tzBAgQ -> <owner /> -> _7gC6YNu2Ee65YvY_tzBAgQ
_7gC6YNu2Ee65YvY_tzBAgQ -> <ownedElement /> -> _-IKzMNu2Ee65YvY_tzBAgQ
_7gC6YNu2Ee65YvY_tzBAgQ -> <ownedElement /> -> _Q2FY8Nu5Ee65YvY_tzBAgQ
_7gC6YNu2Ee65YvY_tzBAgQ -> <ownedElement /> -> _ZNSfANu6Ee65YvY_tzBAgQ
_7gC6YNu2Ee65YvY_tzBAgQ -> <ownedElement /> -> _f9gVoN0aEe6kj4CCWHMNuw
_7gC6YNu2Ee65YvY_tzBAgQ -> <owner /> -> _yoiHINu2Ee65YvY_tzBAgQ
_7qZgYN_AEe6kj4CCWHMNuw -> <ownedElement /> -> _-Dv9YN_AEe6kj4CCWHMNuw
_7qZgYN_AEe6kj4CCWHMNuw -> <ownedElement /> -> _COyacN_BEe6kj4CCWHMNuw
_7qZgYN_AEe6kj4CCWHMNuw -> <owner /> -> _yoiHINu2Ee65YvY_tzBAgQ
_COyacN_BEe6kj4CCWHMNuw -> <ownedElement /> -> _E1syUN_BEe6kj4CCWHMNuw
_COyacN_BEe6kj4CCWHMNuw -> <owner /> -> _7qZgYN_AEe6kj4CCWHMNuw
_E1syUN_BEe6kj4CCWHMNuw -> <owner /> -> _COyacN_BEe6kj4CCWHMNuw
_Lr_kQN0aEe6kj4CCWHMNuw -> <generalization xmi:type="Generalization" xmi:id="_OgQboN0aEe6kj4CCWHMNuw" isSubstitutable="true" /> -> _7gC6YNu2Ee65YvY_tzBAgQ
_Lr_kQN0aEe6kj4CCWHMNuw -> <ownedElement /> -> _RBlv8N0aEe6kj4CCWHMNuw
_Lr_kQN0aEe6kj4CCWHMNuw -> <owner /> -> _yoiHINu2Ee65YvY_tzBAgQ
_Q2FY8Nu5Ee65YvY_tzBAgQ -> <ownedElement /> -> _zNKW0Nu5Ee65YvY_tzBAgQ
_Q2FY8Nu5Ee65YvY_tzBAgQ -> <owner /> -> _7gC6YNu2Ee65YvY_tzBAgQ
_RBlv8N0aEe6kj4CCWHMNuw -> <owner /> -> _Lr_kQN0aEe6kj4CCWHMNuw
_ZNSfANu6Ee65YvY_tzBAgQ -> <ownedElement /> -> _adJScNu8Ee65YvY_tzBAgQ
_ZNSfANu6Ee65YvY_tzBAgQ -> <ownedElement /> -> _fmHpUNu6Ee65YvY_tzBAgQ
_ZNSfANu6Ee65YvY_tzBAgQ -> <owner /> -> _7gC6YNu2Ee65YvY_tzBAgQ
_adJScNu8Ee65YvY_tzBAgQ -> <ownedElement /> -> _cJ36ANu8Ee65YvY_tzBAgQ
_adJScNu8Ee65YvY_tzBAgQ -> <owner /> -> _ZNSfANu6Ee65YvY_tzBAgQ
_cJ36ANu8Ee65YvY_tzBAgQ -> <owner /> -> _adJScNu8Ee65YvY_tzBAgQ
_f9gVoN0aEe6kj4CCWHMNuw -> <generalization xmi:type="Generalization" xmi:id="_myJ5QN0aEe6kj4CCWHMNuw" isSubstitutable="true" /> -> _7gC6YNu2Ee65YvY_tzBAgQ
_f9gVoN0aEe6kj4CCWHMNuw -> <ownedElement /> -> _iR3k8N0aEe6kj4CCWHMNuw
_f9gVoN0aEe6kj4CCWHMNuw -> <owner /> -> _7gC6YNu2Ee65YvY_tzBAgQ
_fmHpUNu6Ee65YvY_tzBAgQ -> <ownedElement /> -> _jZl68Nu6Ee65YvY_tzBAgQ
_fmHpUNu6Ee65YvY_tzBAgQ -> <ownedElement /> -> _jaGRQNu6Ee65YvY_tzBAgQ
_fmHpUNu6Ee65YvY_tzBAgQ -> <owner /> -> _ZNSfANu6Ee65YvY_tzBAgQ
_iR3k8N0aEe6kj4CCWHMNuw -> <owner /> -> _f9gVoN0aEe6kj4CCWHMNuw
_jZl68Nu6Ee65YvY_tzBAgQ -> <owner /> -> _fmHpUNu6Ee65YvY_tzBAgQ
_jaGRQNu6Ee65YvY_tzBAgQ -> <owner /> -> _fmHpUNu6Ee65YvY_tzBAgQ
_xBwPAOB2Ee6kj4CCWHMNuw -> <owner /> -> _yoiHINu2Ee65YvY_tzBAgQ
_xBwPAOB2Ee6kj4CCWHMNuw -> <packageImport xmi:type="PackageImport" xmi:id="_0Fpd0OB2Ee6kj4CCWHMNuw" visibility="public" /> -> _7qZgYN_AEe6kj4CCWHMNuw
_yoiHINu2Ee65YvY_tzBAgQ -> <ownedElement /> -> _7gC6YNu2Ee65YvY_tzBAgQ
_yoiHINu2Ee65YvY_tzBAgQ -> <ownedElement /> -> _7qZgYN_AEe6kj4CCWHMNuw
_yoiHINu2Ee65YvY_tzBAgQ -> <ownedElement /> -> _Lr_kQN0aEe6kj4CCWHMNuw
_yoiHINu2Ee65YvY_tzBAgQ -> <ownedElement /> -> _xBwPAOB2Ee6kj4CCWHMNuw
_yoiHINu2Ee65YvY_tzBAgQ -> <packageImport xmi:type="PackageImport" xmi:id="_yxEYENu2Ee65YvY_tzBAgQ" visibility="public" /> -> eu.yeger#generated-id-0
_zNKW0Nu5Ee65YvY_tzBAgQ -> <owner /> -> _Q2FY8Nu5Ee65YvY_tzBAgQ