<Model xmi:id="_PTF5sc4OEe2NwpxoRjsNIQ" name="package" xmi:type="Model" visibility="public">
  <Package xmi:type="Package" xmi:id="_QGY-4M4OEe2NwpxoRjsNIQ" name="App" URI="com.example.app" visibility="public">
    <ElementImport xmi:id="_5AugUPn-Ee2smM55zuHUhw" alias="AppLauncher" visibility="private" xmi:type="ElementImport" />
    <PackageImport xmi:id="_uBXk4M4OEe2WfbpzO7t8-A" xmi:type="PackageImport" visibility="public" />
    <Class xmi:type="Class" xmi:id="_KrFesfn-Ee2smM55zuHUhw" name="Main" isAbstract="false" isActive="false" isFinalSpecialization="false" visibility="public" isLeaf="false" />
  </Package>
  <Package xmi:type="Package" xmi:id="_RY5voM4OEe2NwpxoRjsNIQ" name="Lib" URI="com.example.lib" visibility="public">
    <PackageMerge xmi:id="_2IFB4PYREe2O9IdeA_KGyQ" xmi:type="PackageMerge" />
    <PackageMerge xmi:id="_4Xgt4PYREe2O9IdeA_KGyQ" xmi:type="PackageMerge" />
    <Class xmi:type="Class" xmi:id="_gu8-gPn-Ee2smM55zuHUhw" name="Launcher" isAbstract="false" isActive="false" isFinalSpecialization="false" visibility="public" isLeaf="false" />
  </Package>
  <Package xmi:type="Package" xmi:id="_kjCCMM4OEe2WfbpzO7t8-A" name="Utils" visibility="public">
    <Dependency xmi:type="Dependency" xmi:id="_59v3UM4OEe2WfbpzO7t8-A" visibility="public" />
  </Package>
  <Package xmi:type="Package" xmi:id="_lJmS8M4OEe2WfbpzO7t8-A" name="Logic" visibility="public">
    <PackageImport xmi:id="_qfI0QM4OEe2WfbpzO7t8-A" visibility="private" xmi:type="PackageImport" />
  </Package>
  <Package xmi:type="Package" xmi:id="_4EHcMM4OEe2WfbpzO7t8-A" name="StdLib" visibility="public">
    <Package xmi:type="Package" xmi:id="_Mmu2kPn_Ee2smM55zuHUhw" name="Collections" visibility="public">
      <ElementImport xmi:id="_gg-iAPoAEe2smM55zuHUhw" xmi:type="ElementImport" visibility="public" />
      <Class xmi:type="Class" xmi:id="_PwW58Pn_Ee2smM55zuHUhw" name="ArrayList" isAbstract="false" isActive="false" isFinalSpecialization="false" visibility="public" isLeaf="false" />
      <Class xmi:type="Class" xmi:id="_U4qQgPn_Ee2smM55zuHUhw" name="List" isAbstract="true" isActive="false" isFinalSpecialization="false" visibility="public" isLeaf="false" />
    </Package>
    <Package xmi:type="Package" xmi:id="_Oj0OUPn_Ee2smM55zuHUhw" name="Math" visibility="public">
      <Class xmi:type="Class" xmi:id="_dHjvIPoAEe2smM55zuHUhw" name="Int" isAbstract="false" isActive="false" isFinalSpecialization="false" visibility="public" isLeaf="false" />
    </Package>
  </Package>
</Model>
_2IFB4PYREe2O9IdeA_KGyQ -> <owner /> -> _RY5voM4OEe2NwpxoRjsNIQ
_4EHcMM4OEe2WfbpzO7t8-A -> <ownedElement /> -> _Mmu2kPn_Ee2smM55zuHUhw
_4EHcMM4OEe2WfbpzO7t8-A -> <ownedElement /> -> _Oj0OUPn_Ee2smM55zuHUhw
_4EHcMM4OEe2WfbpzO7t8-A -> <owner /> -> _PTF5sc4OEe2NwpxoRjsNIQ
_4Xgt4PYREe2O9IdeA_KGyQ -> <owner /> -> _RY5voM4OEe2NwpxoRjsNIQ
_59v3UM4OEe2WfbpzO7t8-A -> <owner /> -> _kjCCMM4OEe2WfbpzO7t8-A
_5AugUPn-Ee2smM55zuHUhw -> <owner /> -> _QGY-4M4OEe2NwpxoRjsNIQ
_KrFesfn-Ee2smM55zuHUhw -> <owner /> -> _QGY-4M4OEe2NwpxoRjsNIQ
_Mmu2kPn_Ee2smM55zuHUhw -> <ownedElement /> -> _PwW58Pn_Ee2smM55zuHUhw
_Mmu2kPn_Ee2smM55zuHUhw -> <ownedElement /> -> _U4qQgPn_Ee2smM55zuHUhw
_Mmu2kPn_Ee2smM55zuHUhw -> <ownedElement /> -> _gg-iAPoAEe2smM55zuHUhw
_Mmu2kPn_Ee2smM55zuHUhw -> <owner /> -> _4EHcMM4OEe2WfbpzO7t8-A
_Oj0OUPn_Ee2smM55zuHUhw -> <ownedElement /> -> _dHjvIPoAEe2smM55zuHUhw
_Oj0OUPn_Ee2smM55zuHUhw -> <owner /> -> _4EHcMM4OEe2WfbpzO7t8-A
_PTF5sc4OEe2NwpxoRjsNIQ -> <ownedElement /> -> _4EHcMM4OEe2WfbpzO7t8-A
_PTF5sc4OEe2NwpxoRjsNIQ -> <ownedElement /> -> _QGY-4M4OEe2NwpxoRjsNIQ
_PTF5sc4OEe2NwpxoRjsNIQ -> <ownedElement /> -> _RY5voM4OEe2NwpxoRjsNIQ
_PTF5sc4OEe2NwpxoRjsNIQ -> <ownedElement /> -> _kjCCMM4OEe2WfbpzO7t8-A
_PTF5sc4OEe2NwpxoRjsNIQ -> <ownedElement /> -> _lJmS8M4OEe2WfbpzO7t8-A
_PwW58Pn_Ee2smM55zuHUhw -> <owner /> -> _Mmu2kPn_Ee2smM55zuHUhw
_QGY-4M4OEe2NwpxoRjsNIQ -> <ownedElement /> -> _5AugUPn-Ee2smM55zuHUhw
_QGY-4M4OEe2NwpxoRjsNIQ -> <ownedElement /> -> _KrFesfn-Ee2smM55zuHUhw
_QGY-4M4OEe2NwpxoRjsNIQ -> <ownedElement /> -> _uBXk4M4OEe2WfbpzO7t8-A
_QGY-4M4OEe2NwpxoRjsNIQ -> <owner /> -> _PTF5sc4OEe2NwpxoRjsNIQ
_RY5voM4OEe2NwpxoRjsNIQ -> <ownedElement /> -> _2IFB4PYREe2O9IdeA_KGyQ
_RY5voM4OEe2NwpxoRjsNIQ -> <ownedElement /> -> _4Xgt4PYREe2O9IdeA_KGyQ
_RY5voM4OEe2NwpxoRjsNIQ -> <ownedElement /> -> _gu8-gPn-Ee2smM55zuHUhw
_RY5voM4OEe2NwpxoRjsNIQ -> <owner /> -> _PTF5sc4OEe2NwpxoRjsNIQ
_U4qQgPn_Ee2smM55zuHUhw -> <owner /> -> _Mmu2kPn_Ee2smM55zuHUhw
_dHjvIPoAEe2smM55zuHUhw -> <owner /> -> _Oj0OUPn_Ee2smM55zuHUhw
_gg-iAPoAEe2smM55zuHUhw -> <owner /> -> _Mmu2kPn_Ee2smM55zuHUhw
_gu8-gPn-Ee2smM55zuHUhw -> <owner /> -> _RY5voM4OEe2NwpxoRjsNIQ
_kjCCMM4OEe2WfbpzO7t8-A -> <ownedElement /> -> _59v3UM4OEe2WfbpzO7t8-A
_kjCCMM4OEe2WfbpzO7t8-A -> <owner /> -> _PTF5sc4OEe2NwpxoRjsNIQ
_lJmS8M4OEe2WfbpzO7t8-A -> <ownedElement /> -> _qfI0QM4OEe2WfbpzO7t8-A
_lJmS8M4OEe2WfbpzO7t8-A -> <owner /> -> _PTF5sc4OEe2NwpxoRjsNIQ
_qfI0QM4OEe2WfbpzO7t8-A -> <owner /> -> _lJmS8M4OEe2WfbpzO7t8-A
_uBXk4M4OEe2WfbpzO7t8-A -> <owner /> -> _QGY-4M4OEe2NwpxoRjsNIQ