{
  "data": [
    {
      "edges": [
        [],
        [],
        [],
        [],
        [],
        [],
        [],
        [],
        [],
        [],
        [],
        [],
        [],
        [],
        [],
        [],
        [],
        [],
        [],
        [],
        [],
        [],
        [],
        [],
        [],
        [],
        [],
        [],
        [],
        [],
        [],
        [],
        [],
        [],
        [],
        [],
        [],
        [],
        [],
        [],
        [],
        [],
        [],
        [],
        [],
        [],
        [],
        [],
        [],
        [],
        [],
        [],
        [],
        [],
        [],
        [],
        [],
        [],
        [],
        [],
        [],
        [],
        [],
        [],
        [],
        [],
        [],
        [],
        [],
        [],
        [],
        [],
        [],
        [],
        [],
        [],
        [],
        [],
        [],
        [],
        [],
        [],
        [],
        [],
        [],
        [],
        [],
        [],
        [],
        [],
        [],
        [],
        [],
        [],
        [],
        [],
        [],
        [],
        [],
        [],
        [],
        [],
        [],
        [],
        [],
        [],
        [],
        [],
        [],
        [],
        [],
        [],
        [],
        [],
        [],
        [],
        [],
        [],
        [],
        [],
        [],
        [],
        [],
        [],
        [],
        [],
        [],
        [],
        [],
        [],
        [],
        [],
        [],
        [],
        [],
        [],
        [],
        [],
        [],
        [],
        [],
        [],
        [],
        [],
        [],
        [],
        [],
        [],
        [],
        [],
        [],
        [],
        [],
        [],
        [],
        [],
        [],
        [],
        [],
        [],
        [],
        [],
        [],
        [],
        [],
        [],
        [],
        [],
        [],
        [],
        [],
        [],
        [],
        [],
        [],
        [],
        [],
        [],
        [],
        [],
        [],
        [],
        [],
        [],
        [],
        [],
        [],
        [],
        [],
        [],
        [],
        [],
        [],
        [],
        [],
        [],
        [],
        [],
        [],
        [],
        [],
        [],
      ],
      "nodes": [
        [
          0,
          0,
          0,
          0,
          0,
          0,
          0,
          0,
          0,
          0,
          0,
          0,
          0,
          0,
          0,
          0,
          0,
          0,
          0,
          0,
          0,
          0,
          0,
          1,
          1,
          0,
          0,
          1,
          1,
          1,
        ],
        [
          0,
          0,
          0,
          0,
          0,
          0,
          0,
          0,
          0,
          0,
          0,
          0,
          0,
          0,
          0,
          0,
          0,
          0,
          0,
          0,
          0,
          0,
          0,
          0,
          0,
          0,
          0,
          1,
          2,
          2,
        ],
        [
          0,
          0,
          0,
          0,
          0,
          0,
          0,
          0,
          0,
          0,
          0,
          0,
          0,
          0,
          0,
          0,
          0,
          0,
          0,
          0,
          0,
          0,
          0,
          0,
          0,
          0,
          0,
          1,
          3,
          1,
        ],
        [
          0,
          0,
          0,
          0,
          0,
          0,
          0,
          0,
          0,
          0,
          0,
          0,
          0,
          0,
          0,
          0,
          0,
          0,
          0,
          0,
          0,
          0,
          0,
          2,
          2,
          0,
          0,
          1,
          4,
          3,
        ],
        [
          0,
          0,
          0,
          0,
          0,
          0,
          0,
          0,
          0,
          0,
          0,
          0,
          0,
          0,
          0,
          0,
          0,
          0,
          0,
          0,
          0,
          1,
          0,
          0,
          0,
          0,
          0,
          0,
          5,
          4,
        ],
        [
          0,
          0,
          0,
          0,
          0,
          0,
          0,
          0,
          0,
          0,
          0,
          0,
          0,
          0,
          0,
          0,
          0,
          0,
          0,
          0,
          0,
          1,
          0,
          0,
          0,
          0,
          0,
          0,
          6,
          4,
        ],
        [
          1,
          0,
          0,
          0,
          0,
          0,
          0,
          1,
          0,
          0,
          0,
          0,
          0,
          0,
          0,
          0,
          0,
          0,
          1,
          0,
          0,
          0,
          1,
          3,
          3,
          0,
          0,
          1,
          7,
          5,
        ],
        [
          2,
          0,
          0,
          0,
          0,
          0,
          0,
          0,
          0,
          0,
          0,
          0,
          0,
          0,
          0,
          0,
          0,
          0,
          0,
          0,
          0,
          0,
          1,
          4,
          4,
          0,
          0,
          2,
          8,
          6,
        ],
        [
          0,
          0,
          0,
          0,
          0,
          0,
          0,
          0,
          0,
          0,
          0,
          0,
          0,
          0,
          0,
          0,
          0,
          0,
          0,
          0,
          0,
          0,
          0,
          5,
          5,
          0,
          0,
          1,
          9,
          7,
        ],
        [
          0,
          1,
          0,
          0,
          0,
          0,
          0,
          0,
          0,
          0,
          0,
          0,
          0,
          0,
          0,
          0,
          0,
          0,
          0,
          0,
          0,
          0,
          0,
          6,
          6,
          0,
          0,
          0,
          10,
          8,
        ],
        [
          0,
          0,
          1,
          1,
          0,
          0,
          0,
          0,
          0,
          0,
          0,
          0,
          0,
          0,
          0,
          0,
          0,
          0,
          0,
          0,
          0,
          0,
          1,
          7,
          7,
          0,
          0,
          1,
          11,
          9,
        ],
        [
          0,
          0,
          0,
          0,
          0,
          0,
          0,
          0,
          0,
          0,
          0,
          0,
          0,
          0,
          0,
          0,
          0,
          0,
          0,
          0,
          0,
          0,
          0,
          0,
          0,
          0,
          0,
          1,
          12,
          10,
        ],
        [
          0,
          0,
          0,
          0,
          0,
          0,
          0,
          0,
          0,
          0,
          0,
          0,
          0,
          0,
          0,
          0,
          0,
          0,
          0,
          0,
          0,
          0,
          0,
          0,
          0,
          0,
          0,
          1,
          13,
          11,
        ],
        [
          0,
          0,
          0,
          0,
          0,
          0,
          0,
          0,
          0,
          0,
          0,
          0,
          0,
          0,
          0,
          0,
          0,
          0,
          0,
          0,
          0,
          0,
          0,
          0,
          0,
          0,
          0,
          0,
          14,
          12,
        ],
        [
          0,
          0,
          0,
          0,
          0,
          0,
          0,
          0,
          0,
          0,
          0,
          0,
          0,
          0,
          0,
          0,
          0,
          0,
          0,
          0,
          0,
          0,
          0,
          0,
          0,
          0,
          0,
          0,
          15,
          13,
        ],
        [
          0,
          0,
          0,
          0,
          0,
          0,
          0,
          0,
          0,
          0,
          0,
          0,
          0,
          0,
          0,
          0,
          0,
          0,
          0,
          0,
          0,
          0,
          0,
          8,
          8,
          0,
          0,
          1,
          16,
          3,
        ],
        [
          2,
          0,
          0,
          0,
          0,
          0,
          0,
          0,
          0,
          0,
          0,
          0,
          0,
          0,
          0,
          0,
          0,
          0,
          0,
          0,
          0,
          0,
          1,
          9,
          9,
          0,
          0,
          1,
          17,
          6,
        ],
        [
          0,
          0,
          0,
          0,
          0,
          0,
          0,
          0,
          0,
          0,
          0,
          0,
          0,
          0,
          0,
          0,
          0,
          0,
          0,
          0,
          0,
          0,
          0,
          10,
          10,
          0,
          0,
          1,
          18,
          3,
        ],
        [
          2,
          0,
          0,
          0,
          0,
          0,
          0,
          0,
          0,
          0,
          0,
          0,
          0,
          0,
          0,
          0,
          0,
          0,
          0,
          0,
          0,
          0,
          1,
          11,
          11,
          0,
          0,
          1,
          19,
          6,
        ],
        [
          0,
          0,
          0,
          0,
          0,
          0,
          0,
          0,
          0,
          0,
          0,
          0,
          0,
          0,
          0,
          0,
          0,
          0,
          0,
          0,
          0,
          0,
          0,
          12,
          12,
          0,
          0,
          1,
          20,
          14,
        ],
        [
          0,
          0,
          0,
          0,
          0,
          0,
          0,
          0,
          0,
          0,
          0,
          0,
          0,
          0,
          0,
          0,
          0,
          0,
          0,
          0,
          0,
          0,
          0,
          13,
          13,
          0,
          0,
          1,
          21,
          14,
        ],
        [
          0,
          0,
          0,
          0,
          0,
          0,
          0,
          0,
          0,
          0,
          0,
          0,
          0,
          0,
          0,
          0,
          0,
          0,
          0,
          0,
          0,
          0,
          0,
          14,
          14,
          0,
          0,
          1,
          22,
          15,
        ],
        [
          0,
          0,
          0,
          0,
          0,
          0,
          0,
          0,
          0,
          0,
          0,
          0,
          0,
          0,
          0,
          0,
          0,
          0,
          0,
          0,
          0,
          0,
          0,
          15,
          15,
          0,
          0,
          1,
          23,
          15,
        ],
        [
          0,
          0,
          0,
          0,
          0,
          0,
          0,
          0,
          0,
          0,
          0,
          0,
          0,
          0,
          0,
          0,
          0,
          0,
          0,
          0,
          0,
          0,
          0,
          16,
          16,
          0,
          0,
          1,
          24,
          14,
        ],
        [
          0,
          0,
          0,
          0,
          0,
          0,
          0,
          0,
          0,
          0,
          0,
          0,
          0,
          0,
          0,
          0,
          0,
          0,
          0,
          0,
          0,
          0,
          0,
          0,
          0,
          0,
          0,
          1,
          25,
          2,
        ],
      ],
    },
  ],
  "metadata": {
    "edgeFeatures": [],
    "idAttribute": "xmi:id",
    "nameAttribute": "name",
    "nodeFeatures": [
      [
        "aggregation",
        "encoded-category",
        {
          "composite": 1,
          "none": 2,
        },
      ],
      [
        "concurrency",
        "encoded-category",
        {
          "concurrent": 1,
        },
      ],
      [
        "direction",
        "encoded-category",
        {
          "return": 1,
        },
      ],
      [
        "effect",
        "encoded-category",
        {
          "create": 1,
        },
      ],
      [
        "isAbstract",
        "encoded-boolean",
        null,
      ],
      [
        "isActive",
        "encoded-boolean",
        null,
      ],
      [
        "isBehavior",
        "encoded-boolean",
        null,
      ],
      [
        "isComposite",
        "encoded-boolean",
        null,
      ],
      [
        "isConjugated",
        "encoded-boolean",
        null,
      ],
      [
        "isDerived",
        "encoded-boolean",
        null,
      ],
      [
        "isDerivedUnion",
        "encoded-boolean",
        null,
      ],
      [
        "isException",
        "encoded-boolean",
        null,
      ],
      [
        "isFinalSpecialization",
        "encoded-boolean",
        null,
      ],
      [
        "isID",
        "encoded-boolean",
        null,
      ],
      [
        "isLeaf",
        "encoded-boolean",
        null,
      ],
      [
        "isOrdered",
        "encoded-boolean",
        null,
      ],
      [
        "isQuery",
        "encoded-boolean",
        null,
      ],
      [
        "isReadOnly",
        "encoded-boolean",
        null,
      ],
      [
        "isService",
        "encoded-boolean",
        null,
      ],
      [
        "isStatic",
        "encoded-boolean",
        null,
      ],
      [
        "isStream",
        "encoded-boolean",
        null,
      ],
      [
        "isSubstitutable",
        "encoded-boolean",
        null,
      ],
      [
        "isUnique",
        "encoded-boolean",
        null,
      ],
      [
        "name",
        "encoded-string",
        {
          "ImportingPackage": 16,
          "NestedInterface": 15,
          "NestedPackage": 13,
          "NestedParent": 8,
          "NestedParentProperty": 9,
          "Parent": 10,
          "ParentInterface": 14,
          "ParentPackage": 12,
          "ParentProperty": 11,
          "TestClass": 2,
          "TestOperation": 6,
          "TestPort": 3,
          "TestProperty": 4,
          "TestReturnParameter": 7,
          "TestTimeInterval": 5,
          "ownedPort": 1,
        },
      ],
      [
        "qualifiedName",
        "encoded-string",
        {
          "ownedPort": 1,
          "ownedPort::ImportingPackage": 16,
          "ownedPort::Parent": 10,
          "ownedPort::Parent::ParentProperty": 11,
          "ownedPort::ParentPackage": 12,
          "ownedPort::ParentPackage::NestedPackage": 13,
          "ownedPort::ParentPackage::ParentInterface": 14,
          "ownedPort::ParentPackage::ParentInterface::NestedInterface": 15,
          "ownedPort::TestClass": 2,
          "ownedPort::TestClass::NestedParent": 8,
          "ownedPort::TestClass::NestedParent::NestedParentProperty": 9,
          "ownedPort::TestClass::TestOperation": 6,
          "ownedPort::TestClass::TestOperation::TestReturnParameter": 7,
          "ownedPort::TestClass::TestPort": 3,
          "ownedPort::TestClass::TestProperty": 4,
          "ownedPort::TestClass::TestTimeInterval": 5,
        },
      ],
      [
        "upper",
        "encoded-integer",
        null,
      ],
      [
        "value",
        "encoded-integer",
        null,
      ],
      [
        "visibility",
        "encoded-category",
        {
          "package": 2,
          "public": 1,
        },
      ],
      [
        "xmi:id",
        "encoded-string",
        {
          "_-Dv9YN_AEe6kj4CCWHMNuw": 21,
          "_-IKzMNu2Ee65YvY_tzBAgQ": 7,
          "_0Fpd0OB2Ee6kj4CCWHMNuw": 25,
          "_7gC6YNu2Ee65YvY_tzBAgQ": 4,
          "_7qZgYN_AEe6kj4CCWHMNuw": 20,
          "_COyacN_BEe6kj4CCWHMNuw": 22,
          "_E1syUN_BEe6kj4CCWHMNuw": 23,
          "_Lr_kQN0aEe6kj4CCWHMNuw": 18,
          "_OgQboN0aEe6kj4CCWHMNuw": 5,
          "_Q2FY8Nu5Ee65YvY_tzBAgQ": 8,
          "_RBlv8N0aEe6kj4CCWHMNuw": 19,
          "_ZNSfANu6Ee65YvY_tzBAgQ": 10,
          "_adJScNu8Ee65YvY_tzBAgQ": 14,
          "_cJ36ANu8Ee65YvY_tzBAgQ": 15,
          "_f9gVoN0aEe6kj4CCWHMNuw": 16,
          "_fmHpUNu6Ee65YvY_tzBAgQ": 11,
          "_iR3k8N0aEe6kj4CCWHMNuw": 17,
          "_jZl68Nu6Ee65YvY_tzBAgQ": 13,
          "_jaGRQNu6Ee65YvY_tzBAgQ": 12,
          "_myJ5QN0aEe6kj4CCWHMNuw": 6,
          "_xBwPAOB2Ee6kj4CCWHMNuw": 24,
          "_yoiHINu2Ee65YvY_tzBAgQ": 1,
          "_yxEYENu2Ee65YvY_tzBAgQ": 2,
          "_zNKW0Nu5Ee65YvY_tzBAgQ": 9,
          "eu.yeger#generated-id-0": 3,
        },
      ],
      [
        "xmi:type",
        "encoded-category",
        {
          "Class": 3,
          "Generalization": 4,
          "Interface": 15,
          "LiteralInteger": 10,
          "LiteralUnlimitedNatural": 11,
          "Model": 1,
          "Operation": 8,
          "OperationTemplateParameter": 13,
          "Package": 14,
          "PackageImport": 2,
          "Parameter": 9,
          "Port": 5,
          "Property": 6,
          "TemplateSignature": 12,
          "TimeInterval": 7,
        },
      ],
    ],
    "onlyEncodedFeatures": false,
    "typeAttributes": [
      "xmi:type",
      "xsi:type",
    ],
  },
}