<Model xmi:id="_Cfp0UGmxEe2kLe5KTNzRtw" name="clazz" xmi:type="Model" visibility="public">
  <Class xmi:type="Class" xmi:id="_QE0EkK7gEe2EZoZ5sgiBCg" name="asd" isAbstract="false" isActive="false" isFinalSpecialization="false" visibility="public" isLeaf="false">
    <Property xmi:id="_bM_S4K7gEe2EZoZ5sgiBCg" name="NewProperty1" xmi:type="Property" aggregation="none" isComposite="false" isDerived="false" isDerivedUnion="false" isID="false" isReadOnly="false" isOrdered="false" isUnique="true" lower="3" upper="4" isStatic="false" isLeaf="false">
      <LiteralInteger xmi:type="LiteralInteger" xmi:id="_bM_58K7gEe2EZoZ5sgiBCg" value="3" visibility="public" />
      <LiteralUnlimitedNatural xmi:type="LiteralUnlimitedNatural" xmi:id="_bNAhAK7gEe2EZoZ5sgiBCg" value="4" visibility="public" />
    </Property>
    <Property xmi:id="_g69BoK7oEe2EZoZ5sgiBCg" name="NewProperty2" xmi:type="Property" aggregation="none" isComposite="false" isDerived="false" isDerivedUnion="false" isID="false" isReadOnly="false" isOrdered="false" isUnique="true" lower="1" upper="*" isStatic="false" isLeaf="false">
      <LiteralInteger xmi:type="LiteralInteger" xmi:id="_g69Boa7oEe2EZoZ5sgiBCg" value="1" visibility="public" />
      <LiteralUnlimitedNatural xmi:type="LiteralUnlimitedNatural" xmi:id="_g69Boq7oEe2EZoZ5sgiBCg" value="*" visibility="public" />
    </Property>
    <Property xmi:id="_O3oC8bK1Ee24ffphK9Na6g" name="NewClass1" aggregation="shared" xmi:type="Property" isComposite="false" isDerived="false" isDerivedUnion="false" isID="false" isReadOnly="false" isOrdered="false" isUnique="true" lower="1" upper="1" isStatic="false" isLeaf="false">
      <LiteralInteger xmi:type="LiteralInteger" xmi:id="_O3oqALK1Ee24ffphK9Na6g" value="1" visibility="public" />
      <LiteralUnlimitedNatural xmi:type="LiteralUnlimitedNatural" xmi:id="_O3oqAbK1Ee24ffphK9Na6g" value="1" visibility="public" />
    </Property>
    <Property xmi:id="_UahDwbK1Ee24ffphK9Na6g" name="NewClass3" xmi:type="Property" aggregation="none" isComposite="false" isDerived="false" isDerivedUnion="false" isID="false" isReadOnly="false" isOrdered="false" isUnique="true" lower="1" upper="1" isStatic="false" isLeaf="false">
      <LiteralInteger xmi:type="LiteralInteger" xmi:id="_Uahq0LK1Ee24ffphK9Na6g" value="1" visibility="public" />
      <LiteralUnlimitedNatural xmi:type="LiteralUnlimitedNatural" xmi:id="_Uahq0bK1Ee24ffphK9Na6g" value="1" visibility="public" />
    </Property>
    <Property xmi:id="_VYMM8bK1Ee24ffphK9Na6g" name="new Class 4" aggregation="composite" xmi:type="Property" isComposite="false" isDerived="false" isDerivedUnion="false" isID="false" isReadOnly="false" isOrdered="false" isUnique="true" lower="1" upper="1" isStatic="false" isLeaf="false">
      <LiteralInteger xmi:type="LiteralInteger" xmi:id="_VYM0ALK1Ee24ffphK9Na6g" value="1" visibility="public" />
      <LiteralUnlimitedNatural xmi:type="LiteralUnlimitedNatural" xmi:id="_VYM0AbK1Ee24ffphK9Na6g" value="1" visibility="public" />
    </Property>
    <Operation xmi:id="_Cr6ZsK70Ee2EZoZ5sgiBCg" name="NewOperation3" xmi:type="Operation" isQuery="false" concurrency="sequential" isAbstract="false" isStatic="false" isLeaf="false" />
    <Operation xmi:id="_r0YL0K70Ee2EZoZ5sgiBCg" name="NewOperation1" xmi:type="Operation" isQuery="false" concurrency="sequential" isAbstract="false" isStatic="false" isLeaf="false">
      <Parameter xmi:id="_Pf5kMbFSEe2z_s-Al402-w" name="NewParameter1" direction="return" xmi:type="Parameter" isException="false" isStream="false" isOrdered="false" isUnique="true" />
      <Parameter xmi:id="_TnD78LFUEe2z_s-Al402-w" name="NewParameter2" direction="return" xmi:type="Parameter" isException="false" isStream="false" isOrdered="false" isUnique="true" />
      <Parameter xmi:id="_YG02YLFVEe2z_s-Al402-w" name="NewParameter3" xmi:type="Parameter" direction="in" isException="false" isStream="false" isOrdered="false" isUnique="true" />
      <Parameter xmi:id="_huGJQbFuEe21bf9NlKs9Kg" name="NewParameter4" xmi:type="Parameter" direction="in" isException="false" isStream="false" isOrdered="false" isUnique="true" />
    </Operation>
  </Class>
  <DataType xmi:type="DataType" xmi:id="_W7vZ8K79Ee2EZoZ5sgiBCg" name="NewDataType1" isAbstract="false" isFinalSpecialization="false" visibility="public" isLeaf="false" />
  <Class xmi:type="Class" xmi:id="_7Y-R4LK0Ee24ffphK9Na6g" name="NewClass2" isAbstract="true" isActive="false" isFinalSpecialization="false" visibility="public" isLeaf="false" />
  <Enumeration xmi:type="Enumeration" xmi:id="_8Q6mgLK0Ee24ffphK9Na6g" name="NewEnumeration1" isAbstract="false" isFinalSpecialization="false" visibility="public" isLeaf="false">
    <EnumerationLiteral xmi:id="__G-0sLK0Ee24ffphK9Na6g" name="NewEnumerationLiteral1" xmi:type="EnumerationLiteral" visibility="public" />
  </Enumeration>
  <Interface xmi:type="Interface" xmi:id="_9pVK8LK0Ee24ffphK9Na6g" name="NewInterface1" isAbstract="false" isFinalSpecialization="false" visibility="public" isLeaf="false" />
  <Package xmi:type="Package" xmi:id="_99xw8LK0Ee24ffphK9Na6g" name="NewPackage3" visibility="public">
    <Package xmi:type="Package" xmi:id="_AmwlYLK1Ee24ffphK9Na6g" name="NewPackage1" visibility="public" />
  </Package>
  <PrimitiveType xmi:type="PrimitiveType" xmi:id="_-da6ULK0Ee24ffphK9Na6g" name="NewPrimitiveType1" isAbstract="false" isFinalSpecialization="false" visibility="public" isLeaf="false">
    <Property xmi:id="_ipeAULK2Ee24ffphK9Na6g" name="NewProperty1" isStatic="true" isDerived="true" xmi:type="Property" aggregation="none" isComposite="false" isDerivedUnion="false" isID="false" isReadOnly="false" isOrdered="false" isUnique="true" lower="1" upper="1" isLeaf="false">
      <LiteralInteger xmi:type="LiteralInteger" xmi:id="_ipenYLK2Ee24ffphK9Na6g" value="1" visibility="public" />
      <LiteralUnlimitedNatural xmi:type="LiteralUnlimitedNatural" xmi:id="_ipenYbK2Ee24ffphK9Na6g" value="1" visibility="public" />
    </Property>
  </PrimitiveType>
  <Class xmi:type="Class" xmi:id="_MHjIALK1Ee24ffphK9Na6g" name="NewClass1" isAbstract="false" isActive="false" isFinalSpecialization="false" visibility="public" isLeaf="false">
    <Property xmi:id="_O3oqArK1Ee24ffphK9Na6g" name="asd" xmi:type="Property" aggregation="none" isComposite="false" isDerived="false" isDerivedUnion="false" isID="false" isReadOnly="false" isOrdered="false" isUnique="true" lower="1" upper="1" isStatic="false" isLeaf="false">
      <LiteralInteger xmi:type="LiteralInteger" xmi:id="_O3oqA7K1Ee24ffphK9Na6g" value="1" visibility="public" />
      <LiteralUnlimitedNatural xmi:type="LiteralUnlimitedNatural" xmi:id="_O3oqBLK1Ee24ffphK9Na6g" value="1" visibility="public" />
    </Property>
  </Class>
  <Class xmi:type="Class" xmi:id="_Mg74YLK1Ee24ffphK9Na6g" name="NewClass3" isAbstract="false" isActive="false" isFinalSpecialization="false" visibility="public" isLeaf="false">
    <Property xmi:id="_UaiR4LK1Ee24ffphK9Na6g" name="asd" xmi:type="Property" aggregation="none" isComposite="false" isDerived="false" isDerivedUnion="false" isID="false" isReadOnly="false" isOrdered="false" isUnique="true" lower="1" upper="1" isStatic="false" isLeaf="false">
      <LiteralInteger xmi:type="LiteralInteger" xmi:id="_UaiR4bK1Ee24ffphK9Na6g" value="1" visibility="public" />
      <LiteralUnlimitedNatural xmi:type="LiteralUnlimitedNatural" xmi:id="_UaiR4rK1Ee24ffphK9Na6g" value="1" visibility="public" />
    </Property>
  </Class>
  <Class xmi:type="Class" xmi:id="_M-U_ALK1Ee24ffphK9Na6g" name="NewClass4" isAbstract="false" isActive="false" isFinalSpecialization="false" visibility="public" isLeaf="false">
    <Property xmi:id="_VYM0ArK1Ee24ffphK9Na6g" name="asd" xmi:type="Property" aggregation="none" isComposite="false" isDerived="false" isDerivedUnion="false" isID="false" isReadOnly="false" isOrdered="false" isUnique="true" lower="1" upper="1" isStatic="false" isLeaf="false">
      <LiteralInteger xmi:type="LiteralInteger" xmi:id="_VYNbELK1Ee24ffphK9Na6g" value="1" visibility="public" />
      <LiteralUnlimitedNatural xmi:type="LiteralUnlimitedNatural" xmi:id="_VYNbEbK1Ee24ffphK9Na6g" value="1" visibility="public" />
    </Property>
  </Class>
  <Class xmi:type="Class" xmi:id="_Nbk7sLK1Ee24ffphK9Na6g" name="NewClass5" isAbstract="false" isActive="false" isFinalSpecialization="false" visibility="public" isLeaf="false" />
  <Package xmi:type="Package" xmi:id="_dDtuMLK1Ee24ffphK9Na6g" name="NewPackage1" visibility="public" />
  <Package xmi:type="Package" xmi:id="_ed5NMLK1Ee24ffphK9Na6g" name="NewPackage2" visibility="public" />
  <Class xmi:type="Class" xmi:id="_D0YigLK2Ee24ffphK9Na6g" name="NewClass6" isAbstract="false" isActive="false" isFinalSpecialization="false" visibility="public" isLeaf="false" />
  <Class xmi:type="Class" xmi:id="_EWMPELK2Ee24ffphK9Na6g" name="NewClass7" isAbstract="false" isActive="false" isFinalSpecialization="false" visibility="public" isLeaf="false" />
  <Class xmi:type="Class" xmi:id="_LjfcIbSLEe2pkZx4lGC8Ew" name="asd2" isAbstract="false" isActive="false" isFinalSpecialization="false" visibility="public" isLeaf="false">
    <Property xmi:id="_ItfSANIcEe2rY5KN6ehSig" name="NewClass8" xmi:type="Property" aggregation="none" isComposite="false" isDerived="false" isDerivedUnion="false" isID="false" isReadOnly="false" isOrdered="false" isUnique="true" lower="1" upper="1" isStatic="false" isLeaf="false">
      <LiteralInteger xmi:type="LiteralInteger" xmi:id="_Itf5ENIcEe2rY5KN6ehSig" value="1" visibility="public" />
      <LiteralUnlimitedNatural xmi:type="LiteralUnlimitedNatural" xmi:id="_ItggINIcEe2rY5KN6ehSig" value="1" visibility="public" />
    </Property>
  </Class>
  <Class xmi:type="Class" xmi:id="_j12MQL0cEe2besM683MlUA" name="NewClass8" isAbstract="true" isActive="false" isFinalSpecialization="false" visibility="public" isLeaf="false">
    <Property xmi:id="_ItggIdIcEe2rY5KN6ehSig" name="asd2" xmi:type="Property" aggregation="none" isComposite="false" isDerived="false" isDerivedUnion="false" isID="false" isReadOnly="false" isOrdered="false" isUnique="true" lower="1" upper="1" isStatic="false" isLeaf="false">
      <LiteralInteger xmi:type="LiteralInteger" xmi:id="_ItggItIcEe2rY5KN6ehSig" value="1" visibility="public" />
      <LiteralUnlimitedNatural xmi:type="LiteralUnlimitedNatural" xmi:id="_IthHMNIcEe2rY5KN6ehSig" value="1" visibility="public" />
    </Property>
  </Class>
  <Class xmi:type="Class" xmi:id="_Uk2g0cymEe2SqIqlz0mqiA" name="NewClass9" isAbstract="false" isActive="false" isFinalSpecialization="false" visibility="public" isLeaf="false">
    <Property xmi:id="_uKNqAc1tEe2aWMTUBOnCiQ" name="NewProperty1" xmi:type="Property" aggregation="none" isComposite="false" isDerived="false" isDerivedUnion="false" isID="false" isReadOnly="false" isOrdered="false" isUnique="true" lower="3" upper="5" isStatic="false" isLeaf="false">
      <LiteralInteger xmi:type="LiteralInteger" xmi:id="_uK1VEM1tEe2aWMTUBOnCiQ" value="3" visibility="public" />
      <LiteralUnlimitedNatural xmi:type="LiteralUnlimitedNatural" xmi:id="_uK1VEc1tEe2aWMTUBOnCiQ" value="5" visibility="public" />
    </Property>
    <Operation xmi:id="_45WxkM5PEe2J1pPdCxXkdw" name="NewOperation1" visibility="public" xmi:type="Operation" isQuery="false" concurrency="sequential" isAbstract="false" isStatic="false" isLeaf="false">
      <Parameter xmi:id="_8YNeEM5PEe2J1pPdCxXkdw" name="NewParameter1" xmi:type="Parameter" direction="in" isException="false" isStream="false" isOrdered="false" isUnique="true" />
      <Parameter xmi:id="_e-0x0dI3Ee2XPc95mjsJSg" name="NewParameter2" direction="return" xmi:type="Parameter" isException="false" isStream="false" isOrdered="false" isUnique="true" />
    </Operation>
  </Class>
</Model>
_-da6ULK0Ee24ffphK9Na6g -> <ownedElement /> -> _ipeAULK2Ee24ffphK9Na6g
_-da6ULK0Ee24ffphK9Na6g -> <owner /> -> _Cfp0UGmxEe2kLe5KTNzRtw
_45WxkM5PEe2J1pPdCxXkdw -> <ownedElement /> -> _8YNeEM5PEe2J1pPdCxXkdw
_45WxkM5PEe2J1pPdCxXkdw -> <ownedElement /> -> _e-0x0dI3Ee2XPc95mjsJSg
_45WxkM5PEe2J1pPdCxXkdw -> <owner /> -> _Uk2g0cymEe2SqIqlz0mqiA
_7Y-R4LK0Ee24ffphK9Na6g -> <owner /> -> _Cfp0UGmxEe2kLe5KTNzRtw
_8Q6mgLK0Ee24ffphK9Na6g -> <ownedElement /> -> __G-0sLK0Ee24ffphK9Na6g
_8Q6mgLK0Ee24ffphK9Na6g -> <owner /> -> _Cfp0UGmxEe2kLe5KTNzRtw
_8YNeEM5PEe2J1pPdCxXkdw -> <owner /> -> _45WxkM5PEe2J1pPdCxXkdw
_99xw8LK0Ee24ffphK9Na6g -> <ownedElement /> -> _AmwlYLK1Ee24ffphK9Na6g
_99xw8LK0Ee24ffphK9Na6g -> <owner /> -> _Cfp0UGmxEe2kLe5KTNzRtw
_99xw8LK0Ee24ffphK9Na6g -> <packageImport xmi:id="_dxJb8LK1Ee24ffphK9Na6g" xmi:type="PackageImport" visibility="public" /> -> _dDtuMLK1Ee24ffphK9Na6g
_99xw8LK0Ee24ffphK9Na6g -> <packageMerge xmi:id="_e5mRwLK1Ee24ffphK9Na6g" xmi:type="PackageMerge" /> -> _ed5NMLK1Ee24ffphK9Na6g
_9pVK8LK0Ee24ffphK9Na6g -> <owner /> -> _Cfp0UGmxEe2kLe5KTNzRtw
_AmwlYLK1Ee24ffphK9Na6g -> <owner /> -> _99xw8LK0Ee24ffphK9Na6g
_Cfp0UGmxEe2kLe5KTNzRtw -> <ownedElement /> -> _-da6ULK0Ee24ffphK9Na6g
_Cfp0UGmxEe2kLe5KTNzRtw -> <ownedElement /> -> _7Y-R4LK0Ee24ffphK9Na6g
_Cfp0UGmxEe2kLe5KTNzRtw -> <ownedElement /> -> _8Q6mgLK0Ee24ffphK9Na6g
_Cfp0UGmxEe2kLe5KTNzRtw -> <ownedElement /> -> _99xw8LK0Ee24ffphK9Na6g
_Cfp0UGmxEe2kLe5KTNzRtw -> <ownedElement /> -> _9pVK8LK0Ee24ffphK9Na6g
_Cfp0UGmxEe2kLe5KTNzRtw -> <ownedElement /> -> _D0YigLK2Ee24ffphK9Na6g
_Cfp0UGmxEe2kLe5KTNzRtw -> <ownedElement /> -> _EWMPELK2Ee24ffphK9Na6g
_Cfp0UGmxEe2kLe5KTNzRtw -> <ownedElement /> -> _LjfcIbSLEe2pkZx4lGC8Ew
_Cfp0UGmxEe2kLe5KTNzRtw -> <ownedElement /> -> _M-U_ALK1Ee24ffphK9Na6g
_Cfp0UGmxEe2kLe5KTNzRtw -> <ownedElement /> -> _MHjIALK1Ee24ffphK9Na6g
_Cfp0UGmxEe2kLe5KTNzRtw -> <ownedElement /> -> _Mg74YLK1Ee24ffphK9Na6g
_Cfp0UGmxEe2kLe5KTNzRtw -> <ownedElement /> -> _Nbk7sLK1Ee24ffphK9Na6g
_Cfp0UGmxEe2kLe5KTNzRtw -> <ownedElement /> -> _QE0EkK7gEe2EZoZ5sgiBCg
_Cfp0UGmxEe2kLe5KTNzRtw -> <ownedElement /> -> _Uk2g0cymEe2SqIqlz0mqiA
_Cfp0UGmxEe2kLe5KTNzRtw -> <ownedElement /> -> _W7vZ8K79Ee2EZoZ5sgiBCg
_Cfp0UGmxEe2kLe5KTNzRtw -> <ownedElement /> -> _dDtuMLK1Ee24ffphK9Na6g
_Cfp0UGmxEe2kLe5KTNzRtw -> <ownedElement /> -> _ed5NMLK1Ee24ffphK9Na6g
_Cfp0UGmxEe2kLe5KTNzRtw -> <ownedElement /> -> _j12MQL0cEe2besM683MlUA
_Cr6ZsK70Ee2EZoZ5sgiBCg -> <owner /> -> _QE0EkK7gEe2EZoZ5sgiBCg
_D0YigLK2Ee24ffphK9Na6g -> <owner /> -> _Cfp0UGmxEe2kLe5KTNzRtw
_EWMPELK2Ee24ffphK9Na6g -> <owner /> -> _Cfp0UGmxEe2kLe5KTNzRtw
_Itf5ENIcEe2rY5KN6ehSig -> <owner /> -> _ItfSANIcEe2rY5KN6ehSig
_ItfSANIcEe2rY5KN6ehSig -> <association xmi:type="Association" xmi:id="_ItM-INIcEe2rY5KN6ehSig" isDerived="false" isAbstract="false" isFinalSpecialization="false" visibility="public" isLeaf="false" /> -> _ItfSANIcEe2rY5KN6ehSig
_ItfSANIcEe2rY5KN6ehSig -> <association xmi:type="Association" xmi:id="_ItM-INIcEe2rY5KN6ehSig" isDerived="false" isAbstract="false" isFinalSpecialization="false" visibility="public" isLeaf="false" /> -> _ItggIdIcEe2rY5KN6ehSig
_ItfSANIcEe2rY5KN6ehSig -> <ownedElement /> -> _Itf5ENIcEe2rY5KN6ehSig
_ItfSANIcEe2rY5KN6ehSig -> <ownedElement /> -> _ItggINIcEe2rY5KN6ehSig
_ItfSANIcEe2rY5KN6ehSig -> <owner /> -> _LjfcIbSLEe2pkZx4lGC8Ew
_ItggINIcEe2rY5KN6ehSig -> <owner /> -> _ItfSANIcEe2rY5KN6ehSig
_ItggIdIcEe2rY5KN6ehSig -> <association xmi:type="Association" xmi:id="_ItM-INIcEe2rY5KN6ehSig" isDerived="false" isAbstract="false" isFinalSpecialization="false" visibility="public" isLeaf="false" /> -> _ItfSANIcEe2rY5KN6ehSig
_ItggIdIcEe2rY5KN6ehSig -> <association xmi:type="Association" xmi:id="_ItM-INIcEe2rY5KN6ehSig" isDerived="false" isAbstract="false" isFinalSpecialization="false" visibility="public" isLeaf="false" /> -> _ItggIdIcEe2rY5KN6ehSig
_ItggIdIcEe2rY5KN6ehSig -> <ownedElement /> -> _ItggItIcEe2rY5KN6ehSig
_ItggIdIcEe2rY5KN6ehSig -> <ownedElement /> -> _IthHMNIcEe2rY5KN6ehSig
_ItggIdIcEe2rY5KN6ehSig -> <owner /> -> _j12MQL0cEe2besM683MlUA
_ItggItIcEe2rY5KN6ehSig -> <owner /> -> _ItggIdIcEe2rY5KN6ehSig
_IthHMNIcEe2rY5KN6ehSig -> <owner /> -> _ItggIdIcEe2rY5KN6ehSig
_LjfcIbSLEe2pkZx4lGC8Ew -> <ownedElement /> -> _ItfSANIcEe2rY5KN6ehSig
_LjfcIbSLEe2pkZx4lGC8Ew -> <owner /> -> _Cfp0UGmxEe2kLe5KTNzRtw
_M-U_ALK1Ee24ffphK9Na6g -> <ownedElement /> -> _VYM0ArK1Ee24ffphK9Na6g
_M-U_ALK1Ee24ffphK9Na6g -> <owner /> -> _Cfp0UGmxEe2kLe5KTNzRtw
_M-U_ALK1Ee24ffphK9Na6g -> <substitution xmi:id="_Gt7igLK2Ee24ffphK9Na6g" xmi:type="Substitution" visibility="public" /> -> _EWMPELK2Ee24ffphK9Na6g
_MHjIALK1Ee24ffphK9Na6g -> <ownedElement /> -> _O3oqArK1Ee24ffphK9Na6g
_MHjIALK1Ee24ffphK9Na6g -> <owner /> -> _Cfp0UGmxEe2kLe5KTNzRtw
_Mg74YLK1Ee24ffphK9Na6g -> <ownedElement /> -> _UaiR4LK1Ee24ffphK9Na6g
_Mg74YLK1Ee24ffphK9Na6g -> <owner /> -> _Cfp0UGmxEe2kLe5KTNzRtw
_Mg74YLK1Ee24ffphK9Na6g -> <usage xmi:type="Usage" xmi:id="_FGLhkLK2Ee24ffphK9Na6g" visibility="public" /> -> _D0YigLK2Ee24ffphK9Na6g
_Nbk7sLK1Ee24ffphK9Na6g -> <owner /> -> _Cfp0UGmxEe2kLe5KTNzRtw
_O3oC8bK1Ee24ffphK9Na6g -> <association xmi:type="Association" xmi:id="_O3oC8LK1Ee24ffphK9Na6g" isDerived="false" isAbstract="false" isFinalSpecialization="false" visibility="public" isLeaf="false" /> -> _O3oC8bK1Ee24ffphK9Na6g
_O3oC8bK1Ee24ffphK9Na6g -> <association xmi:type="Association" xmi:id="_O3oC8LK1Ee24ffphK9Na6g" isDerived="false" isAbstract="false" isFinalSpecialization="false" visibility="public" isLeaf="false" /> -> _O3oqArK1Ee24ffphK9Na6g
_O3oC8bK1Ee24ffphK9Na6g -> <ownedElement /> -> _O3oqALK1Ee24ffphK9Na6g
_O3oC8bK1Ee24ffphK9Na6g -> <ownedElement /> -> _O3oqAbK1Ee24ffphK9Na6g
_O3oC8bK1Ee24ffphK9Na6g -> <owner /> -> _QE0EkK7gEe2EZoZ5sgiBCg
_O3oqA7K1Ee24ffphK9Na6g -> <owner /> -> _O3oqArK1Ee24ffphK9Na6g
_O3oqALK1Ee24ffphK9Na6g -> <owner /> -> _O3oC8bK1Ee24ffphK9Na6g
_O3oqAbK1Ee24ffphK9Na6g -> <owner /> -> _O3oC8bK1Ee24ffphK9Na6g
_O3oqArK1Ee24ffphK9Na6g -> <association xmi:type="Association" xmi:id="_O3oC8LK1Ee24ffphK9Na6g" isDerived="false" isAbstract="false" isFinalSpecialization="false" visibility="public" isLeaf="false" /> -> _O3oC8bK1Ee24ffphK9Na6g
_O3oqArK1Ee24ffphK9Na6g -> <association xmi:type="Association" xmi:id="_O3oC8LK1Ee24ffphK9Na6g" isDerived="false" isAbstract="false" isFinalSpecialization="false" visibility="public" isLeaf="false" /> -> _O3oqArK1Ee24ffphK9Na6g
_O3oqArK1Ee24ffphK9Na6g -> <ownedElement /> -> _O3oqA7K1Ee24ffphK9Na6g
_O3oqArK1Ee24ffphK9Na6g -> <ownedElement /> -> _O3oqBLK1Ee24ffphK9Na6g
_O3oqArK1Ee24ffphK9Na6g -> <owner /> -> _MHjIALK1Ee24ffphK9Na6g
_O3oqBLK1Ee24ffphK9Na6g -> <owner /> -> _O3oqArK1Ee24ffphK9Na6g
_Pf5kMbFSEe2z_s-Al402-w -> <owner /> -> _r0YL0K70Ee2EZoZ5sgiBCg
_QE0EkK7gEe2EZoZ5sgiBCg -> <abstraction xmi:type="Abstraction" xmi:id="_J2H38LK1Ee24ffphK9Na6g" visibility="public" /> -> _7Y-R4LK0Ee24ffphK9Na6g
_QE0EkK7gEe2EZoZ5sgiBCg -> <dependency xmi:type="Dependency" xmi:id="_XCaTELK1Ee24ffphK9Na6g" visibility="public" /> -> _Nbk7sLK1Ee24ffphK9Na6g
_QE0EkK7gEe2EZoZ5sgiBCg -> <interfaceRealization xmi:id="_ay8lcLK1Ee24ffphK9Na6g" xmi:type="InterfaceRealization" visibility="public" /> -> _9pVK8LK0Ee24ffphK9Na6g
_QE0EkK7gEe2EZoZ5sgiBCg -> <ownedElement /> -> _Cr6ZsK70Ee2EZoZ5sgiBCg
_QE0EkK7gEe2EZoZ5sgiBCg -> <ownedElement /> -> _O3oC8bK1Ee24ffphK9Na6g
_QE0EkK7gEe2EZoZ5sgiBCg -> <ownedElement /> -> _UahDwbK1Ee24ffphK9Na6g
_QE0EkK7gEe2EZoZ5sgiBCg -> <ownedElement /> -> _VYMM8bK1Ee24ffphK9Na6g
_QE0EkK7gEe2EZoZ5sgiBCg -> <ownedElement /> -> _bM_S4K7gEe2EZoZ5sgiBCg
_QE0EkK7gEe2EZoZ5sgiBCg -> <ownedElement /> -> _g69BoK7oEe2EZoZ5sgiBCg
_QE0EkK7gEe2EZoZ5sgiBCg -> <ownedElement /> -> _r0YL0K70Ee2EZoZ5sgiBCg
_QE0EkK7gEe2EZoZ5sgiBCg -> <owner /> -> _Cfp0UGmxEe2kLe5KTNzRtw
_QE0EkK7gEe2EZoZ5sgiBCg -> <realization xmi:type="Realization" xmi:id="_ghLTkLK1Ee24ffphK9Na6g" visibility="public" /> -> _9pVK8LK0Ee24ffphK9Na6g
_TnD78LFUEe2z_s-Al402-w -> <owner /> -> _r0YL0K70Ee2EZoZ5sgiBCg
_UahDwbK1Ee24ffphK9Na6g -> <association xmi:type="Association" xmi:id="_UahDwLK1Ee24ffphK9Na6g" isDerived="false" isAbstract="false" isFinalSpecialization="false" visibility="public" isLeaf="false" /> -> _UahDwbK1Ee24ffphK9Na6g
_UahDwbK1Ee24ffphK9Na6g -> <association xmi:type="Association" xmi:id="_UahDwLK1Ee24ffphK9Na6g" isDerived="false" isAbstract="false" isFinalSpecialization="false" visibility="public" isLeaf="false" /> -> _UaiR4LK1Ee24ffphK9Na6g
_UahDwbK1Ee24ffphK9Na6g -> <ownedElement /> -> _Uahq0LK1Ee24ffphK9Na6g
_UahDwbK1Ee24ffphK9Na6g -> <ownedElement /> -> _Uahq0bK1Ee24ffphK9Na6g
_UahDwbK1Ee24ffphK9Na6g -> <owner /> -> _QE0EkK7gEe2EZoZ5sgiBCg
_Uahq0LK1Ee24ffphK9Na6g -> <owner /> -> _UahDwbK1Ee24ffphK9Na6g
_Uahq0bK1Ee24ffphK9Na6g -> <owner /> -> _UahDwbK1Ee24ffphK9Na6g
_UaiR4LK1Ee24ffphK9Na6g -> <association xmi:type="Association" xmi:id="_UahDwLK1Ee24ffphK9Na6g" isDerived="false" isAbstract="false" isFinalSpecialization="false" visibility="public" isLeaf="false" /> -> _UahDwbK1Ee24ffphK9Na6g
_UaiR4LK1Ee24ffphK9Na6g -> <association xmi:type="Association" xmi:id="_UahDwLK1Ee24ffphK9Na6g" isDerived="false" isAbstract="false" isFinalSpecialization="false" visibility="public" isLeaf="false" /> -> _UaiR4LK1Ee24ffphK9Na6g
_UaiR4LK1Ee24ffphK9Na6g -> <ownedElement /> -> _UaiR4bK1Ee24ffphK9Na6g
_UaiR4LK1Ee24ffphK9Na6g -> <ownedElement /> -> _UaiR4rK1Ee24ffphK9Na6g
_UaiR4LK1Ee24ffphK9Na6g -> <owner /> -> _Mg74YLK1Ee24ffphK9Na6g
_UaiR4bK1Ee24ffphK9Na6g -> <owner /> -> _UaiR4LK1Ee24ffphK9Na6g
_UaiR4rK1Ee24ffphK9Na6g -> <owner /> -> _UaiR4LK1Ee24ffphK9Na6g
_Uk2g0cymEe2SqIqlz0mqiA -> <ownedElement /> -> _45WxkM5PEe2J1pPdCxXkdw
_Uk2g0cymEe2SqIqlz0mqiA -> <ownedElement /> -> _uKNqAc1tEe2aWMTUBOnCiQ
_Uk2g0cymEe2SqIqlz0mqiA -> <owner /> -> _Cfp0UGmxEe2kLe5KTNzRtw
_VYM0ALK1Ee24ffphK9Na6g -> <owner /> -> _VYMM8bK1Ee24ffphK9Na6g
_VYM0AbK1Ee24ffphK9Na6g -> <owner /> -> _VYMM8bK1Ee24ffphK9Na6g
_VYM0ArK1Ee24ffphK9Na6g -> <association xmi:type="Association" xmi:id="_VYMM8LK1Ee24ffphK9Na6g" isDerived="false" isAbstract="false" isFinalSpecialization="false" visibility="public" isLeaf="false" /> -> _VYM0ArK1Ee24ffphK9Na6g
_VYM0ArK1Ee24ffphK9Na6g -> <association xmi:type="Association" xmi:id="_VYMM8LK1Ee24ffphK9Na6g" isDerived="false" isAbstract="false" isFinalSpecialization="false" visibility="public" isLeaf="false" /> -> _VYMM8bK1Ee24ffphK9Na6g
_VYM0ArK1Ee24ffphK9Na6g -> <ownedElement /> -> _VYNbELK1Ee24ffphK9Na6g
_VYM0ArK1Ee24ffphK9Na6g -> <ownedElement /> -> _VYNbEbK1Ee24ffphK9Na6g
_VYM0ArK1Ee24ffphK9Na6g -> <owner /> -> _M-U_ALK1Ee24ffphK9Na6g
_VYMM8bK1Ee24ffphK9Na6g -> <association xmi:type="Association" xmi:id="_VYMM8LK1Ee24ffphK9Na6g" isDerived="false" isAbstract="false" isFinalSpecialization="false" visibility="public" isLeaf="false" /> -> _VYM0ArK1Ee24ffphK9Na6g
_VYMM8bK1Ee24ffphK9Na6g -> <association xmi:type="Association" xmi:id="_VYMM8LK1Ee24ffphK9Na6g" isDerived="false" isAbstract="false" isFinalSpecialization="false" visibility="public" isLeaf="false" /> -> _VYMM8bK1Ee24ffphK9Na6g
_VYMM8bK1Ee24ffphK9Na6g -> <ownedElement /> -> _VYM0ALK1Ee24ffphK9Na6g
_VYMM8bK1Ee24ffphK9Na6g -> <ownedElement /> -> _VYM0AbK1Ee24ffphK9Na6g
_VYMM8bK1Ee24ffphK9Na6g -> <owner /> -> _QE0EkK7gEe2EZoZ5sgiBCg
_VYNbELK1Ee24ffphK9Na6g -> <owner /> -> _VYM0ArK1Ee24ffphK9Na6g
_VYNbEbK1Ee24ffphK9Na6g -> <owner /> -> _VYM0ArK1Ee24ffphK9Na6g
_W7vZ8K79Ee2EZoZ5sgiBCg -> <owner /> -> _Cfp0UGmxEe2kLe5KTNzRtw
_YG02YLFVEe2z_s-Al402-w -> <owner /> -> _r0YL0K70Ee2EZoZ5sgiBCg
__G-0sLK0Ee24ffphK9Na6g -> <owner /> -> _8Q6mgLK0Ee24ffphK9Na6g
_bM_58K7gEe2EZoZ5sgiBCg -> <owner /> -> _bM_S4K7gEe2EZoZ5sgiBCg
_bM_S4K7gEe2EZoZ5sgiBCg -> <ownedElement /> -> _bM_58K7gEe2EZoZ5sgiBCg
_bM_S4K7gEe2EZoZ5sgiBCg -> <ownedElement /> -> _bNAhAK7gEe2EZoZ5sgiBCg
_bM_S4K7gEe2EZoZ5sgiBCg -> <owner /> -> _QE0EkK7gEe2EZoZ5sgiBCg
_bNAhAK7gEe2EZoZ5sgiBCg -> <owner /> -> _bM_S4K7gEe2EZoZ5sgiBCg
_dDtuMLK1Ee24ffphK9Na6g -> <owner /> -> _Cfp0UGmxEe2kLe5KTNzRtw
_dDtuMLK1Ee24ffphK9Na6g -> <packageImport xmi:id="_wZ60QLK9Ee2fn9jN03lZYw" xmi:type="PackageImport" visibility="public" /> -> _ed5NMLK1Ee24ffphK9Na6g
_e-0x0dI3Ee2XPc95mjsJSg -> <owner /> -> _45WxkM5PEe2J1pPdCxXkdw
_ed5NMLK1Ee24ffphK9Na6g -> <owner /> -> _Cfp0UGmxEe2kLe5KTNzRtw
_g69BoK7oEe2EZoZ5sgiBCg -> <ownedElement /> -> _g69Boa7oEe2EZoZ5sgiBCg
_g69BoK7oEe2EZoZ5sgiBCg -> <ownedElement /> -> _g69Boq7oEe2EZoZ5sgiBCg
_g69BoK7oEe2EZoZ5sgiBCg -> <owner /> -> _QE0EkK7gEe2EZoZ5sgiBCg
_g69Boa7oEe2EZoZ5sgiBCg -> <owner /> -> _g69BoK7oEe2EZoZ5sgiBCg
_g69Boq7oEe2EZoZ5sgiBCg -> <owner /> -> _g69BoK7oEe2EZoZ5sgiBCg
_huGJQbFuEe21bf9NlKs9Kg -> <owner /> -> _r0YL0K70Ee2EZoZ5sgiBCg
_ipeAULK2Ee24ffphK9Na6g -> <ownedElement /> -> _ipenYLK2Ee24ffphK9Na6g
_ipeAULK2Ee24ffphK9Na6g -> <ownedElement /> -> _ipenYbK2Ee24ffphK9Na6g
_ipeAULK2Ee24ffphK9Na6g -> <owner /> -> _-da6ULK0Ee24ffphK9Na6g
_ipenYLK2Ee24ffphK9Na6g -> <owner /> -> _ipeAULK2Ee24ffphK9Na6g
_ipenYbK2Ee24ffphK9Na6g -> <owner /> -> _ipeAULK2Ee24ffphK9Na6g
_j12MQL0cEe2besM683MlUA -> <ownedElement /> -> _ItggIdIcEe2rY5KN6ehSig
_j12MQL0cEe2besM683MlUA -> <owner /> -> _Cfp0UGmxEe2kLe5KTNzRtw
_r0YL0K70Ee2EZoZ5sgiBCg -> <ownedElement /> -> _Pf5kMbFSEe2z_s-Al402-w
_r0YL0K70Ee2EZoZ5sgiBCg -> <ownedElement /> -> _TnD78LFUEe2z_s-Al402-w
_r0YL0K70Ee2EZoZ5sgiBCg -> <ownedElement /> -> _YG02YLFVEe2z_s-Al402-w
_r0YL0K70Ee2EZoZ5sgiBCg -> <ownedElement /> -> _huGJQbFuEe21bf9NlKs9Kg
_r0YL0K70Ee2EZoZ5sgiBCg -> <owner /> -> _QE0EkK7gEe2EZoZ5sgiBCg
_uK1VEM1tEe2aWMTUBOnCiQ -> <owner /> -> _uKNqAc1tEe2aWMTUBOnCiQ
_uK1VEc1tEe2aWMTUBOnCiQ -> <owner /> -> _uKNqAc1tEe2aWMTUBOnCiQ
_uKNqAc1tEe2aWMTUBOnCiQ -> <ownedElement /> -> _uK1VEM1tEe2aWMTUBOnCiQ
_uKNqAc1tEe2aWMTUBOnCiQ -> <ownedElement /> -> _uK1VEc1tEe2aWMTUBOnCiQ
_uKNqAc1tEe2aWMTUBOnCiQ -> <owner /> -> _Uk2g0cymEe2SqIqlz0mqiA