<Model name="package" qualifiedName="package" visibility="public" xmi:id="_PTF5sc4OEe2NwpxoRjsNIQ" xmi:type="Model">
  <Package URI="com.example.app" name="App" qualifiedName="package::App" visibility="public" xmi:id="_QGY-4M4OEe2NwpxoRjsNIQ" xmi:type="Package">
    <Class isAbstract="false" isActive="false" isFinalSpecialization="false" isLeaf="false" name="Main" qualifiedName="package::App::Main" visibility="public" xmi:id="_KrFesfn-Ee2smM55zuHUhw" xmi:type="Class" />
  </Package>
  <Package URI="com.example.lib" name="Lib" qualifiedName="package::Lib" visibility="public" xmi:id="_RY5voM4OEe2NwpxoRjsNIQ" xmi:type="Package">
    <Class isAbstract="false" isActive="false" isFinalSpecialization="false" isLeaf="false" name="Launcher" qualifiedName="package::Lib::Launcher" visibility="public" xmi:id="_gu8-gPn-Ee2smM55zuHUhw" xmi:type="Class" />
  </Package>
  <Package name="Utils" qualifiedName="package::Utils" visibility="public" xmi:id="_kjCCMM4OEe2WfbpzO7t8-A" xmi:type="Package" />
  <Package name="Logic" qualifiedName="package::Logic" visibility="public" xmi:id="_lJmS8M4OEe2WfbpzO7t8-A" xmi:type="Package" />
  <Package name="StdLib" qualifiedName="package::StdLib" visibility="public" xmi:id="_4EHcMM4OEe2WfbpzO7t8-A" xmi:type="Package">
    <Package name="Collections" qualifiedName="package::StdLib::Collections" visibility="public" xmi:id="_Mmu2kPn_Ee2smM55zuHUhw" xmi:type="Package">
      <Class isAbstract="false" isActive="false" isFinalSpecialization="false" isLeaf="false" name="ArrayList" qualifiedName="package::StdLib::Collections::ArrayList" visibility="public" xmi:id="_PwW58Pn_Ee2smM55zuHUhw" xmi:type="Class" />
      <Class isAbstract="true" isActive="false" isFinalSpecialization="false" isLeaf="false" name="List" qualifiedName="package::StdLib::Collections::List" visibility="public" xmi:id="_U4qQgPn_Ee2smM55zuHUhw" xmi:type="Class" />
    </Package>
    <Package name="Math" qualifiedName="package::StdLib::Math" visibility="public" xmi:id="_Oj0OUPn_Ee2smM55zuHUhw" xmi:type="Package">
      <Class isAbstract="false" isActive="false" isFinalSpecialization="false" isLeaf="false" name="Int" qualifiedName="package::StdLib::Math::Int" visibility="public" xmi:id="_dHjvIPoAEe2smM55zuHUhw" xmi:type="Class" />
    </Package>
  </Package>
</Model>
_4EHcMM4OEe2WfbpzO7t8-A -> <ownedElement /> -> _Mmu2kPn_Ee2smM55zuHUhw
_4EHcMM4OEe2WfbpzO7t8-A -> <ownedElement /> -> _Oj0OUPn_Ee2smM55zuHUhw
_4EHcMM4OEe2WfbpzO7t8-A -> <owner /> -> _PTF5sc4OEe2NwpxoRjsNIQ
_KrFesfn-Ee2smM55zuHUhw -> <owner /> -> _QGY-4M4OEe2NwpxoRjsNIQ
_Mmu2kPn_Ee2smM55zuHUhw -> <elementImport xmi:id="_gg-iAPoAEe2smM55zuHUhw" xmi:type="ElementImport" visibility="public" /> -> _dHjvIPoAEe2smM55zuHUhw
_Mmu2kPn_Ee2smM55zuHUhw -> <ownedElement /> -> _PwW58Pn_Ee2smM55zuHUhw
_Mmu2kPn_Ee2smM55zuHUhw -> <ownedElement /> -> _U4qQgPn_Ee2smM55zuHUhw
_Mmu2kPn_Ee2smM55zuHUhw -> <owner /> -> _4EHcMM4OEe2WfbpzO7t8-A
_Oj0OUPn_Ee2smM55zuHUhw -> <ownedElement /> -> _dHjvIPoAEe2smM55zuHUhw
_Oj0OUPn_Ee2smM55zuHUhw -> <owner /> -> _4EHcMM4OEe2WfbpzO7t8-A
_PTF5sc4OEe2NwpxoRjsNIQ -> <ownedElement /> -> _4EHcMM4OEe2WfbpzO7t8-A
_PTF5sc4OEe2NwpxoRjsNIQ -> <ownedElement /> -> _QGY-4M4OEe2NwpxoRjsNIQ
_PTF5sc4OEe2NwpxoRjsNIQ -> <ownedElement /> -> _RY5voM4OEe2NwpxoRjsNIQ
_PTF5sc4OEe2NwpxoRjsNIQ -> <ownedElement /> -> _kjCCMM4OEe2WfbpzO7t8-A
_PTF5sc4OEe2NwpxoRjsNIQ -> <ownedElement /> -> _lJmS8M4OEe2WfbpzO7t8-A
_PwW58Pn_Ee2smM55zuHUhw -> <owner /> -> _Mmu2kPn_Ee2smM55zuHUhw
_QGY-4M4OEe2NwpxoRjsNIQ -> <elementImport xmi:id="_5AugUPn-Ee2smM55zuHUhw" alias="AppLauncher" visibility="private" xmi:type="ElementImport" /> -> _gu8-gPn-Ee2smM55zuHUhw
_QGY-4M4OEe2NwpxoRjsNIQ -> <ownedElement /> -> _KrFesfn-Ee2smM55zuHUhw
_QGY-4M4OEe2NwpxoRjsNIQ -> <owner /> -> _PTF5sc4OEe2NwpxoRjsNIQ
_QGY-4M4OEe2NwpxoRjsNIQ -> <packageImport xmi:id="_uBXk4M4OEe2WfbpzO7t8-A" xmi:type="PackageImport" visibility="public" /> -> _RY5voM4OEe2NwpxoRjsNIQ
_RY5voM4OEe2NwpxoRjsNIQ -> <ownedElement /> -> _gu8-gPn-Ee2smM55zuHUhw
_RY5voM4OEe2NwpxoRjsNIQ -> <owner /> -> _PTF5sc4OEe2NwpxoRjsNIQ
_RY5voM4OEe2NwpxoRjsNIQ -> <packageMerge xmi:id="_2IFB4PYREe2O9IdeA_KGyQ" xmi:type="PackageMerge" /> -> _kjCCMM4OEe2WfbpzO7t8-A
_RY5voM4OEe2NwpxoRjsNIQ -> <packageMerge xmi:id="_4Xgt4PYREe2O9IdeA_KGyQ" xmi:type="PackageMerge" /> -> _lJmS8M4OEe2WfbpzO7t8-A
_U4qQgPn_Ee2smM55zuHUhw -> <owner /> -> _Mmu2kPn_Ee2smM55zuHUhw
_dHjvIPoAEe2smM55zuHUhw -> <owner /> -> _Oj0OUPn_Ee2smM55zuHUhw
_gu8-gPn-Ee2smM55zuHUhw -> <owner /> -> _RY5voM4OEe2NwpxoRjsNIQ
_kjCCMM4OEe2WfbpzO7t8-A -> <dependency xmi:type="Dependency" xmi:id="_59v3UM4OEe2WfbpzO7t8-A" visibility="public" /> -> _4EHcMM4OEe2WfbpzO7t8-A
_kjCCMM4OEe2WfbpzO7t8-A -> <owner /> -> _PTF5sc4OEe2NwpxoRjsNIQ
_lJmS8M4OEe2WfbpzO7t8-A -> <owner /> -> _PTF5sc4OEe2NwpxoRjsNIQ
_lJmS8M4OEe2WfbpzO7t8-A -> <packageImport xmi:id="_qfI0QM4OEe2WfbpzO7t8-A" visibility="private" xmi:type="PackageImport" /> -> _kjCCMM4OEe2WfbpzO7t8-A