<Model name="model" qualifiedName="model" visibility="public" xmi:id="_0V2YcPidEe6PhJwEQ2R2dA" xmi:type="Model">
  <Node isAbstract="false" isActive="false" isFinalSpecialization="false" isLeaf="false" name="DeploymentTarget" qualifiedName="model::DeploymentTarget" visibility="public" xmi:id="_RGi8oPieEe6PhJwEQ2R2dA" xmi:type="Node">
    <Deployment name="FirstDeployment" qualifiedName="model::DeploymentTarget::FirstDeployment" visibility="public" xmi:id="_J7D7cPigEe6PhJwEQ2R2dA" xmi:type="Deployment" />
    <Deployment name="SecondDeployment" qualifiedName="model::DeploymentTarget::SecondDeployment" visibility="public" xmi:id="_MNBXAPigEe6PhJwEQ2R2dA" xmi:type="Deployment" />
  </Node>
  <Artifact fileName="" isAbstract="false" isFinalSpecialization="false" isLeaf="false" name="FirstArtifact" qualifiedName="model::FirstArtifact" visibility="public" xmi:id="_FIW24PifEe6PhJwEQ2R2dA" xmi:type="Artifact">
    <Manifestation name="FirstManifestation" qualifiedName="model::FirstArtifact::FirstManifestation" visibility="public" xmi:id="_uXlYUPifEe6PhJwEQ2R2dA" xmi:type="Manifestation" />
    <Manifestation name="SecondManifestation" qualifiedName="model::FirstArtifact::SecondManifestation" visibility="public" xmi:id="_3aJlAPifEe6PhJwEQ2R2dA" xmi:type="Manifestation" />
  </Artifact>
  <Artifact isAbstract="false" isFinalSpecialization="false" isLeaf="false" name="SecondArtifact" qualifiedName="model::SecondArtifact" visibility="public" xmi:id="_9-mJcPifEe6PhJwEQ2R2dA" xmi:type="Artifact">
    <Manifestation name="ThirdManifestation" qualifiedName="model::SecondArtifact::ThirdManifestation" visibility="public" xmi:id="_CMuWwPigEe6PhJwEQ2R2dA" xmi:type="Manifestation" />
  </Artifact>
  <Class isAbstract="false" isActive="false" isFinalSpecialization="false" isLeaf="false" name="FirstDeployedElement" qualifiedName="model::FirstDeployedElement" visibility="public" xmi:id="_onBH4PifEe6PhJwEQ2R2dA" xmi:type="Class" />
  <Class isAbstract="false" isActive="false" isFinalSpecialization="false" isLeaf="false" name="SecondDeployedElement" qualifiedName="model::SecondDeployedElement" visibility="public" xmi:id="_qiUW8PifEe6PhJwEQ2R2dA" xmi:type="Class" />
  <Class isAbstract="false" isActive="false" isFinalSpecialization="false" isLeaf="false" name="ThirdDeployedElement" qualifiedName="model::ThirdDeployedElement" visibility="public" xmi:id="_7flJUPifEe6PhJwEQ2R2dA" xmi:type="Class" />
</Model>
_0V2YcPidEe6PhJwEQ2R2dA -> <member /> -> _7flJUPifEe6PhJwEQ2R2dA
_0V2YcPidEe6PhJwEQ2R2dA -> <member /> -> _9-mJcPifEe6PhJwEQ2R2dA
_0V2YcPidEe6PhJwEQ2R2dA -> <member /> -> _FIW24PifEe6PhJwEQ2R2dA
_0V2YcPidEe6PhJwEQ2R2dA -> <member /> -> _RGi8oPieEe6PhJwEQ2R2dA
_0V2YcPidEe6PhJwEQ2R2dA -> <member /> -> _onBH4PifEe6PhJwEQ2R2dA
_0V2YcPidEe6PhJwEQ2R2dA -> <member /> -> _qiUW8PifEe6PhJwEQ2R2dA
_0V2YcPidEe6PhJwEQ2R2dA -> <ownedElement /> -> _7flJUPifEe6PhJwEQ2R2dA
_0V2YcPidEe6PhJwEQ2R2dA -> <ownedElement /> -> _9-mJcPifEe6PhJwEQ2R2dA
_0V2YcPidEe6PhJwEQ2R2dA -> <ownedElement /> -> _FIW24PifEe6PhJwEQ2R2dA
_0V2YcPidEe6PhJwEQ2R2dA -> <ownedElement /> -> _RGi8oPieEe6PhJwEQ2R2dA
_0V2YcPidEe6PhJwEQ2R2dA -> <ownedElement /> -> _onBH4PifEe6PhJwEQ2R2dA
_0V2YcPidEe6PhJwEQ2R2dA -> <ownedElement /> -> _qiUW8PifEe6PhJwEQ2R2dA
_0V2YcPidEe6PhJwEQ2R2dA -> <ownedMember /> -> _7flJUPifEe6PhJwEQ2R2dA
_0V2YcPidEe6PhJwEQ2R2dA -> <ownedMember /> -> _9-mJcPifEe6PhJwEQ2R2dA
_0V2YcPidEe6PhJwEQ2R2dA -> <ownedMember /> -> _FIW24PifEe6PhJwEQ2R2dA
_0V2YcPidEe6PhJwEQ2R2dA -> <ownedMember /> -> _RGi8oPieEe6PhJwEQ2R2dA
_0V2YcPidEe6PhJwEQ2R2dA -> <ownedMember /> -> _onBH4PifEe6PhJwEQ2R2dA
_0V2YcPidEe6PhJwEQ2R2dA -> <ownedMember /> -> _qiUW8PifEe6PhJwEQ2R2dA
_0V2YcPidEe6PhJwEQ2R2dA -> <ownedType /> -> _7flJUPifEe6PhJwEQ2R2dA
_0V2YcPidEe6PhJwEQ2R2dA -> <ownedType /> -> _9-mJcPifEe6PhJwEQ2R2dA
_0V2YcPidEe6PhJwEQ2R2dA -> <ownedType /> -> _FIW24PifEe6PhJwEQ2R2dA
_0V2YcPidEe6PhJwEQ2R2dA -> <ownedType /> -> _RGi8oPieEe6PhJwEQ2R2dA
_0V2YcPidEe6PhJwEQ2R2dA -> <ownedType /> -> _onBH4PifEe6PhJwEQ2R2dA
_0V2YcPidEe6PhJwEQ2R2dA -> <ownedType /> -> _qiUW8PifEe6PhJwEQ2R2dA
_0V2YcPidEe6PhJwEQ2R2dA -> <packagedElement /> -> _7flJUPifEe6PhJwEQ2R2dA
_0V2YcPidEe6PhJwEQ2R2dA -> <packagedElement /> -> _9-mJcPifEe6PhJwEQ2R2dA
_0V2YcPidEe6PhJwEQ2R2dA -> <packagedElement /> -> _FIW24PifEe6PhJwEQ2R2dA
_0V2YcPidEe6PhJwEQ2R2dA -> <packagedElement /> -> _RGi8oPieEe6PhJwEQ2R2dA
_0V2YcPidEe6PhJwEQ2R2dA -> <packagedElement /> -> _onBH4PifEe6PhJwEQ2R2dA
_0V2YcPidEe6PhJwEQ2R2dA -> <packagedElement /> -> _qiUW8PifEe6PhJwEQ2R2dA
_3aJlAPifEe6PhJwEQ2R2dA -> <client /> -> _FIW24PifEe6PhJwEQ2R2dA
_3aJlAPifEe6PhJwEQ2R2dA -> <namespace /> -> _FIW24PifEe6PhJwEQ2R2dA
_3aJlAPifEe6PhJwEQ2R2dA -> <owner /> -> _FIW24PifEe6PhJwEQ2R2dA
_3aJlAPifEe6PhJwEQ2R2dA -> <relatedElement /> -> _FIW24PifEe6PhJwEQ2R2dA
_3aJlAPifEe6PhJwEQ2R2dA -> <relatedElement /> -> _qiUW8PifEe6PhJwEQ2R2dA
_3aJlAPifEe6PhJwEQ2R2dA -> <source /> -> _FIW24PifEe6PhJwEQ2R2dA
_3aJlAPifEe6PhJwEQ2R2dA -> <supplier /> -> _qiUW8PifEe6PhJwEQ2R2dA
_3aJlAPifEe6PhJwEQ2R2dA -> <target /> -> _qiUW8PifEe6PhJwEQ2R2dA
_3aJlAPifEe6PhJwEQ2R2dA -> <utilizedElement /> -> _qiUW8PifEe6PhJwEQ2R2dA
_7flJUPifEe6PhJwEQ2R2dA -> <namespace /> -> _0V2YcPidEe6PhJwEQ2R2dA
_7flJUPifEe6PhJwEQ2R2dA -> <owner /> -> _0V2YcPidEe6PhJwEQ2R2dA
_7flJUPifEe6PhJwEQ2R2dA -> <package /> -> _0V2YcPidEe6PhJwEQ2R2dA
_9-mJcPifEe6PhJwEQ2R2dA -> <manifestation /> -> _CMuWwPigEe6PhJwEQ2R2dA
_9-mJcPifEe6PhJwEQ2R2dA -> <member /> -> _CMuWwPigEe6PhJwEQ2R2dA
_9-mJcPifEe6PhJwEQ2R2dA -> <namespace /> -> _0V2YcPidEe6PhJwEQ2R2dA
_9-mJcPifEe6PhJwEQ2R2dA -> <ownedElement /> -> _CMuWwPigEe6PhJwEQ2R2dA
_9-mJcPifEe6PhJwEQ2R2dA -> <ownedMember /> -> _CMuWwPigEe6PhJwEQ2R2dA
_9-mJcPifEe6PhJwEQ2R2dA -> <owner /> -> _0V2YcPidEe6PhJwEQ2R2dA
_9-mJcPifEe6PhJwEQ2R2dA -> <package /> -> _0V2YcPidEe6PhJwEQ2R2dA
_CMuWwPigEe6PhJwEQ2R2dA -> <client /> -> _9-mJcPifEe6PhJwEQ2R2dA
_CMuWwPigEe6PhJwEQ2R2dA -> <namespace /> -> _9-mJcPifEe6PhJwEQ2R2dA
_CMuWwPigEe6PhJwEQ2R2dA -> <owner /> -> _9-mJcPifEe6PhJwEQ2R2dA
_CMuWwPigEe6PhJwEQ2R2dA -> <relatedElement /> -> _7flJUPifEe6PhJwEQ2R2dA
_CMuWwPigEe6PhJwEQ2R2dA -> <relatedElement /> -> _9-mJcPifEe6PhJwEQ2R2dA
_CMuWwPigEe6PhJwEQ2R2dA -> <source /> -> _9-mJcPifEe6PhJwEQ2R2dA
_CMuWwPigEe6PhJwEQ2R2dA -> <supplier /> -> _7flJUPifEe6PhJwEQ2R2dA
_CMuWwPigEe6PhJwEQ2R2dA -> <target /> -> _7flJUPifEe6PhJwEQ2R2dA
_CMuWwPigEe6PhJwEQ2R2dA -> <utilizedElement /> -> _7flJUPifEe6PhJwEQ2R2dA
_FIW24PifEe6PhJwEQ2R2dA -> <manifestation /> -> _3aJlAPifEe6PhJwEQ2R2dA
_FIW24PifEe6PhJwEQ2R2dA -> <manifestation /> -> _uXlYUPifEe6PhJwEQ2R2dA
_FIW24PifEe6PhJwEQ2R2dA -> <member /> -> _3aJlAPifEe6PhJwEQ2R2dA
_FIW24PifEe6PhJwEQ2R2dA -> <member /> -> _uXlYUPifEe6PhJwEQ2R2dA
_FIW24PifEe6PhJwEQ2R2dA -> <namespace /> -> _0V2YcPidEe6PhJwEQ2R2dA
_FIW24PifEe6PhJwEQ2R2dA -> <ownedElement /> -> _3aJlAPifEe6PhJwEQ2R2dA
_FIW24PifEe6PhJwEQ2R2dA -> <ownedElement /> -> _uXlYUPifEe6PhJwEQ2R2dA
_FIW24PifEe6PhJwEQ2R2dA -> <ownedMember /> -> _3aJlAPifEe6PhJwEQ2R2dA
_FIW24PifEe6PhJwEQ2R2dA -> <ownedMember /> -> _uXlYUPifEe6PhJwEQ2R2dA
_FIW24PifEe6PhJwEQ2R2dA -> <owner /> -> _0V2YcPidEe6PhJwEQ2R2dA
_FIW24PifEe6PhJwEQ2R2dA -> <package /> -> _0V2YcPidEe6PhJwEQ2R2dA
_J7D7cPigEe6PhJwEQ2R2dA -> <client /> -> _RGi8oPieEe6PhJwEQ2R2dA
_J7D7cPigEe6PhJwEQ2R2dA -> <deployedArtifact /> -> _FIW24PifEe6PhJwEQ2R2dA
_J7D7cPigEe6PhJwEQ2R2dA -> <location /> -> _RGi8oPieEe6PhJwEQ2R2dA
_J7D7cPigEe6PhJwEQ2R2dA -> <namespace /> -> _RGi8oPieEe6PhJwEQ2R2dA
_J7D7cPigEe6PhJwEQ2R2dA -> <owner /> -> _RGi8oPieEe6PhJwEQ2R2dA
_J7D7cPigEe6PhJwEQ2R2dA -> <relatedElement /> -> _FIW24PifEe6PhJwEQ2R2dA
_J7D7cPigEe6PhJwEQ2R2dA -> <relatedElement /> -> _RGi8oPieEe6PhJwEQ2R2dA
_J7D7cPigEe6PhJwEQ2R2dA -> <source /> -> _RGi8oPieEe6PhJwEQ2R2dA
_J7D7cPigEe6PhJwEQ2R2dA -> <supplier /> -> _FIW24PifEe6PhJwEQ2R2dA
_J7D7cPigEe6PhJwEQ2R2dA -> <target /> -> _FIW24PifEe6PhJwEQ2R2dA
_MNBXAPigEe6PhJwEQ2R2dA -> <client /> -> _RGi8oPieEe6PhJwEQ2R2dA
_MNBXAPigEe6PhJwEQ2R2dA -> <deployedArtifact /> -> _9-mJcPifEe6PhJwEQ2R2dA
_MNBXAPigEe6PhJwEQ2R2dA -> <location /> -> _RGi8oPieEe6PhJwEQ2R2dA
_MNBXAPigEe6PhJwEQ2R2dA -> <namespace /> -> _RGi8oPieEe6PhJwEQ2R2dA
_MNBXAPigEe6PhJwEQ2R2dA -> <owner /> -> _RGi8oPieEe6PhJwEQ2R2dA
_MNBXAPigEe6PhJwEQ2R2dA -> <relatedElement /> -> _9-mJcPifEe6PhJwEQ2R2dA
_MNBXAPigEe6PhJwEQ2R2dA -> <relatedElement /> -> _RGi8oPieEe6PhJwEQ2R2dA
_MNBXAPigEe6PhJwEQ2R2dA -> <source /> -> _RGi8oPieEe6PhJwEQ2R2dA
_MNBXAPigEe6PhJwEQ2R2dA -> <supplier /> -> _9-mJcPifEe6PhJwEQ2R2dA
_MNBXAPigEe6PhJwEQ2R2dA -> <target /> -> _9-mJcPifEe6PhJwEQ2R2dA
_RGi8oPieEe6PhJwEQ2R2dA -> <deployedElement /> -> _7flJUPifEe6PhJwEQ2R2dA
_RGi8oPieEe6PhJwEQ2R2dA -> <deployedElement /> -> _onBH4PifEe6PhJwEQ2R2dA
_RGi8oPieEe6PhJwEQ2R2dA -> <deployedElement /> -> _qiUW8PifEe6PhJwEQ2R2dA
_RGi8oPieEe6PhJwEQ2R2dA -> <deployment /> -> _J7D7cPigEe6PhJwEQ2R2dA
_RGi8oPieEe6PhJwEQ2R2dA -> <deployment /> -> _MNBXAPigEe6PhJwEQ2R2dA
_RGi8oPieEe6PhJwEQ2R2dA -> <member /> -> _J7D7cPigEe6PhJwEQ2R2dA
_RGi8oPieEe6PhJwEQ2R2dA -> <member /> -> _MNBXAPigEe6PhJwEQ2R2dA
_RGi8oPieEe6PhJwEQ2R2dA -> <namespace /> -> _0V2YcPidEe6PhJwEQ2R2dA
_RGi8oPieEe6PhJwEQ2R2dA -> <ownedElement /> -> _J7D7cPigEe6PhJwEQ2R2dA
_RGi8oPieEe6PhJwEQ2R2dA -> <ownedElement /> -> _MNBXAPigEe6PhJwEQ2R2dA
_RGi8oPieEe6PhJwEQ2R2dA -> <ownedMember /> -> _J7D7cPigEe6PhJwEQ2R2dA
_RGi8oPieEe6PhJwEQ2R2dA -> <ownedMember /> -> _MNBXAPigEe6PhJwEQ2R2dA
_RGi8oPieEe6PhJwEQ2R2dA -> <owner /> -> _0V2YcPidEe6PhJwEQ2R2dA
_RGi8oPieEe6PhJwEQ2R2dA -> <package /> -> _0V2YcPidEe6PhJwEQ2R2dA
_onBH4PifEe6PhJwEQ2R2dA -> <namespace /> -> _0V2YcPidEe6PhJwEQ2R2dA
_onBH4PifEe6PhJwEQ2R2dA -> <owner /> -> _0V2YcPidEe6PhJwEQ2R2dA
_onBH4PifEe6PhJwEQ2R2dA -> <package /> -> _0V2YcPidEe6PhJwEQ2R2dA
_qiUW8PifEe6PhJwEQ2R2dA -> <namespace /> -> _0V2YcPidEe6PhJwEQ2R2dA
_qiUW8PifEe6PhJwEQ2R2dA -> <owner /> -> _0V2YcPidEe6PhJwEQ2R2dA
_qiUW8PifEe6PhJwEQ2R2dA -> <package /> -> _0V2YcPidEe6PhJwEQ2R2dA
_uXlYUPifEe6PhJwEQ2R2dA -> <client /> -> _FIW24PifEe6PhJwEQ2R2dA
_uXlYUPifEe6PhJwEQ2R2dA -> <namespace /> -> _FIW24PifEe6PhJwEQ2R2dA
_uXlYUPifEe6PhJwEQ2R2dA -> <owner /> -> _FIW24PifEe6PhJwEQ2R2dA
_uXlYUPifEe6PhJwEQ2R2dA -> <relatedElement /> -> _FIW24PifEe6PhJwEQ2R2dA
_uXlYUPifEe6PhJwEQ2R2dA -> <relatedElement /> -> _onBH4PifEe6PhJwEQ2R2dA
_uXlYUPifEe6PhJwEQ2R2dA -> <relatedElement /> -> _qiUW8PifEe6PhJwEQ2R2dA
_uXlYUPifEe6PhJwEQ2R2dA -> <source /> -> _FIW24PifEe6PhJwEQ2R2dA
_uXlYUPifEe6PhJwEQ2R2dA -> <supplier /> -> _onBH4PifEe6PhJwEQ2R2dA
_uXlYUPifEe6PhJwEQ2R2dA -> <supplier /> -> _qiUW8PifEe6PhJwEQ2R2dA
_uXlYUPifEe6PhJwEQ2R2dA -> <target /> -> _onBH4PifEe6PhJwEQ2R2dA
_uXlYUPifEe6PhJwEQ2R2dA -> <target /> -> _qiUW8PifEe6PhJwEQ2R2dA
_uXlYUPifEe6PhJwEQ2R2dA -> <utilizedElement /> -> _onBH4PifEe6PhJwEQ2R2dA