{
  "data": [
    {
      "edgeFeatureVectors": [
        [],
        [],
        [],
        [],
        [],
        [],
        [],
        [],
        [],
        [],
        [],
        [],
        [],
        [],
        [],
        [],
        [],
        [],
        [],
        [],
        [],
        [],
        [],
        [],
        [],
        [],
        [],
        [],
        [],
        [],
        [],
      ],
      "format": "list",
      "list": [
        [
          0,
          2,
        ],
        [
          0,
          3,
        ],
        [
          0,
          5,
        ],
        [
          0,
          8,
        ],
        [
          0,
          9,
        ],
        [
          0,
          10,
        ],
        [
          1,
          5,
        ],
        [
          1,
          9,
        ],
        [
          2,
          0,
        ],
        [
          3,
          0,
        ],
        [
          3,
          4,
        ],
        [
          4,
          2,
        ],
        [
          4,
          3,
        ],
        [
          5,
          0,
        ],
        [
          5,
          1,
        ],
        [
          5,
          11,
        ],
        [
          6,
          5,
        ],
        [
          6,
          10,
        ],
        [
          7,
          3,
        ],
        [
          7,
          10,
        ],
        [
          8,
          0,
        ],
        [
          9,
          0,
        ],
        [
          10,
          0,
        ],
        [
          10,
          2,
        ],
        [
          10,
          6,
        ],
        [
          10,
          7,
        ],
        [
          10,
          8,
        ],
        [
          10,
          9,
        ],
        [
          11,
          5,
        ],
        [
          11,
          8,
        ],
        [
          11,
          9,
        ],
      ],
      "nodeFeatureVectors": [
        [
          0,
          0,
          0,
          0,
          0,
          1,
          1,
          1,
          1,
          1,
        ],
        [
          0,
          0,
          0,
          0,
          0,
          7,
          7,
          1,
          7,
          5,
        ],
        [
          0,
          0,
          0,
          0,
          0,
          12,
          12,
          1,
          12,
          6,
        ],
        [
          0,
          0,
          0,
          0,
          0,
          8,
          8,
          1,
          8,
          4,
        ],
        [
          0,
          0,
          0,
          0,
          0,
          9,
          9,
          1,
          9,
          5,
        ],
        [
          1,
          0,
          0,
          0,
          0,
          5,
          5,
          1,
          5,
          4,
        ],
        [
          0,
          0,
          0,
          0,
          0,
          3,
          3,
          1,
          3,
          3,
        ],
        [
          0,
          0,
          0,
          0,
          0,
          4,
          4,
          1,
          4,
          3,
        ],
        [
          0,
          0,
          0,
          0,
          0,
          10,
          10,
          1,
          10,
          6,
        ],
        [
          0,
          0,
          0,
          0,
          0,
          11,
          11,
          1,
          11,
          6,
        ],
        [
          0,
          0,
          0,
          0,
          0,
          2,
          2,
          1,
          2,
          2,
        ],
        [
          0,
          0,
          0,
          0,
          0,
          6,
          6,
          1,
          6,
          5,
        ],
      ],
      "nodes": [
        "_0V2YcPidEe6PhJwEQ2R2dA",
        "_3aJlAPifEe6PhJwEQ2R2dA",
        "_7flJUPifEe6PhJwEQ2R2dA",
        "_9-mJcPifEe6PhJwEQ2R2dA",
        "_CMuWwPigEe6PhJwEQ2R2dA",
        "_FIW24PifEe6PhJwEQ2R2dA",
        "_J7D7cPigEe6PhJwEQ2R2dA",
        "_MNBXAPigEe6PhJwEQ2R2dA",
        "_onBH4PifEe6PhJwEQ2R2dA",
        "_qiUW8PifEe6PhJwEQ2R2dA",
        "_RGi8oPieEe6PhJwEQ2R2dA",
        "_uXlYUPifEe6PhJwEQ2R2dA",
      ],
    },
  ],
  "metadata": {
    "edgeFeatures": [],
    "nodeFeatures": [
      [
        "fileName",
        "encoded-string",
        {
          "": 1,
        },
      ],
      [
        "isAbstract",
        "encoded-boolean",
        null,
      ],
      [
        "isActive",
        "encoded-boolean",
        null,
      ],
      [
        "isFinalSpecialization",
        "encoded-boolean",
        null,
      ],
      [
        "isLeaf",
        "encoded-boolean",
        null,
      ],
      [
        "name",
        "encoded-string",
        {
          "DeploymentTarget": 2,
          "FirstArtifact": 5,
          "FirstDeployedElement": 10,
          "FirstDeployment": 3,
          "FirstManifestation": 6,
          "SecondArtifact": 8,
          "SecondDeployedElement": 11,
          "SecondDeployment": 4,
          "SecondManifestation": 7,
          "ThirdDeployedElement": 12,
          "ThirdManifestation": 9,
          "model": 1,
        },
      ],
      [
        "qualifiedName",
        "encoded-string",
        {
          "model": 1,
          "model::DeploymentTarget": 2,
          "model::DeploymentTarget::FirstDeployment": 3,
          "model::DeploymentTarget::SecondDeployment": 4,
          "model::FirstArtifact": 5,
          "model::FirstArtifact::FirstManifestation": 6,
          "model::FirstArtifact::SecondManifestation": 7,
          "model::FirstDeployedElement": 10,
          "model::SecondArtifact": 8,
          "model::SecondArtifact::ThirdManifestation": 9,
          "model::SecondDeployedElement": 11,
          "model::ThirdDeployedElement": 12,
        },
      ],
      [
        "visibility",
        "encoded-category",
        {
          "public": 1,
        },
      ],
      [
        "xmi:id",
        "encoded-string",
        {
          "_0V2YcPidEe6PhJwEQ2R2dA": 1,
          "_3aJlAPifEe6PhJwEQ2R2dA": 7,
          "_7flJUPifEe6PhJwEQ2R2dA": 12,
          "_9-mJcPifEe6PhJwEQ2R2dA": 8,
          "_CMuWwPigEe6PhJwEQ2R2dA": 9,
          "_FIW24PifEe6PhJwEQ2R2dA": 5,
          "_J7D7cPigEe6PhJwEQ2R2dA": 3,
          "_MNBXAPigEe6PhJwEQ2R2dA": 4,
          "_RGi8oPieEe6PhJwEQ2R2dA": 2,
          "_onBH4PifEe6PhJwEQ2R2dA": 10,
          "_qiUW8PifEe6PhJwEQ2R2dA": 11,
          "_uXlYUPifEe6PhJwEQ2R2dA": 6,
        },
      ],
      [
        "xmi:type",
        "encoded-category",
        {
          "Artifact": 4,
          "Class": 6,
          "Deployment": 3,
          "Manifestation": 5,
          "Model": 1,
          "Node": 2,
        },
      ],
    ],
  },
}