{
  "data": [
    {
      "edgeFeatureVectors": [
        [],
        [],
        [],
        [],
        [],
        [],
        [],
        [],
        [],
        [],
        [],
        [],
        [],
        [],
        [],
        [],
        [],
        [],
        [],
        [],
        [],
        [],
        [],
        [],
        [],
        [],
        [],
        [],
        [],
        [],
        [],
        [],
        [],
        [],
        [],
        [],
        [],
        [],
        [],
        [],
        [],
        [],
        [],
        [],
        [],
        [],
        [],
        [],
        [],
        [],
        [],
        [],
        [],
        [],
        [],
        [],
        [],
        [],
        [],
        [],
        [],
        [],
        [],
        [],
        [],
        [],
        [],
        [],
        [],
        [],
        [],
        [],
        [],
        [],
        [],
        [],
        [],
        [],
        [],
        [],
        [],
        [],
        [],
        [],
        [],
        [],
        [],
        [],
        [],
        [],
        [],
        [],
        [],
        [],
        [],
        [],
        [],
        [],
        [],
        [],
        [],
        [],
        [],
        [],
        [],
        [],
        [],
        [],
        [],
        [],
        [],
        [],
        [],
        [],
        [],
        [],
        [],
        [],
        [],
        [],
        [],
        [],
        [],
        [],
        [],
        [],
        [],
        [],
        [],
        [],
        [],
        [],
        [],
        [],
        [],
        [],
        [],
        [],
        [],
        [],
        [],
        [],
        [],
        [],
        [],
        [],
        [],
        [],
        [],
        [],
        [],
        [],
        [],
        [],
        [],
        [],
        [],
        [],
        [],
        [],
        [],
        [],
        [],
        [],
        [],
        [],
        [],
        [],
      ],
      "format": "list",
      "list": [
        [
          0,
          8,
        ],
        [
          0,
          8,
        ],
        [
          0,
          8,
        ],
        [
          0,
          17,
        ],
        [
          0,
          17,
        ],
        [
          0,
          17,
        ],
        [
          0,
          17,
        ],
        [
          1,
          11,
        ],
        [
          1,
          11,
        ],
        [
          1,
          11,
        ],
        [
          1,
          11,
        ],
        [
          1,
          11,
        ],
        [
          1,
          12,
        ],
        [
          1,
          12,
        ],
        [
          1,
          12,
        ],
        [
          1,
          12,
        ],
        [
          1,
          12,
        ],
        [
          1,
          13,
        ],
        [
          1,
          13,
        ],
        [
          1,
          13,
        ],
        [
          2,
          10,
        ],
        [
          2,
          10,
        ],
        [
          2,
          10,
        ],
        [
          2,
          17,
        ],
        [
          2,
          17,
        ],
        [
          2,
          17,
        ],
        [
          2,
          17,
        ],
        [
          3,
          1,
        ],
        [
          3,
          1,
        ],
        [
          3,
          1,
        ],
        [
          3,
          8,
        ],
        [
          3,
          8,
        ],
        [
          3,
          8,
        ],
        [
          3,
          8,
        ],
        [
          3,
          8,
        ],
        [
          4,
          7,
        ],
        [
          4,
          7,
        ],
        [
          4,
          7,
        ],
        [
          4,
          16,
        ],
        [
          4,
          16,
        ],
        [
          4,
          16,
        ],
        [
          4,
          16,
        ],
        [
          5,
          12,
        ],
        [
          5,
          12,
        ],
        [
          5,
          12,
        ],
        [
          6,
          5,
        ],
        [
          6,
          5,
        ],
        [
          6,
          5,
        ],
        [
          6,
          11,
        ],
        [
          6,
          11,
        ],
        [
          6,
          11,
        ],
        [
          6,
          11,
        ],
        [
          7,
          17,
        ],
        [
          7,
          17,
        ],
        [
          7,
          17,
        ],
        [
          8,
          3,
        ],
        [
          8,
          3,
        ],
        [
          8,
          3,
        ],
        [
          8,
          3,
        ],
        [
          8,
          13,
        ],
        [
          8,
          13,
        ],
        [
          8,
          13,
        ],
        [
          9,
          16,
        ],
        [
          9,
          16,
        ],
        [
          9,
          16,
        ],
        [
          10,
          3,
        ],
        [
          10,
          3,
        ],
        [
          10,
          13,
        ],
        [
          10,
          13,
        ],
        [
          10,
          13,
        ],
        [
          10,
          15,
        ],
        [
          10,
          15,
        ],
        [
          11,
          1,
        ],
        [
          11,
          1,
        ],
        [
          11,
          1,
        ],
        [
          11,
          5,
        ],
        [
          11,
          5,
        ],
        [
          11,
          6,
        ],
        [
          11,
          6,
        ],
        [
          11,
          14,
        ],
        [
          11,
          14,
        ],
        [
          11,
          14,
        ],
        [
          11,
          14,
        ],
        [
          11,
          14,
        ],
        [
          11,
          18,
        ],
        [
          11,
          18,
        ],
        [
          11,
          18,
        ],
        [
          11,
          18,
        ],
        [
          11,
          18,
        ],
        [
          12,
          1,
        ],
        [
          12,
          1,
        ],
        [
          12,
          1,
        ],
        [
          12,
          5,
        ],
        [
          12,
          5,
        ],
        [
          12,
          5,
        ],
        [
          12,
          5,
        ],
        [
          12,
          5,
        ],
        [
          13,
          1,
        ],
        [
          13,
          1,
        ],
        [
          13,
          1,
        ],
        [
          13,
          1,
        ],
        [
          13,
          1,
        ],
        [
          13,
          8,
        ],
        [
          13,
          8,
        ],
        [
          13,
          8,
        ],
        [
          13,
          8,
        ],
        [
          13,
          8,
        ],
        [
          13,
          10,
        ],
        [
          13,
          10,
        ],
        [
          13,
          10,
        ],
        [
          13,
          10,
        ],
        [
          13,
          10,
        ],
        [
          13,
          16,
        ],
        [
          13,
          16,
        ],
        [
          13,
          16,
        ],
        [
          13,
          16,
        ],
        [
          13,
          16,
        ],
        [
          13,
          17,
        ],
        [
          13,
          17,
        ],
        [
          13,
          17,
        ],
        [
          13,
          17,
        ],
        [
          13,
          17,
        ],
        [
          14,
          11,
        ],
        [
          14,
          11,
        ],
        [
          14,
          11,
        ],
        [
          15,
          8,
        ],
        [
          15,
          8,
        ],
        [
          15,
          8,
        ],
        [
          15,
          10,
        ],
        [
          15,
          10,
        ],
        [
          15,
          10,
        ],
        [
          15,
          10,
        ],
        [
          16,
          4,
        ],
        [
          16,
          4,
        ],
        [
          16,
          7,
        ],
        [
          16,
          7,
        ],
        [
          16,
          9,
        ],
        [
          16,
          9,
        ],
        [
          16,
          9,
        ],
        [
          16,
          9,
        ],
        [
          16,
          9,
        ],
        [
          16,
          13,
        ],
        [
          16,
          13,
        ],
        [
          16,
          13,
        ],
        [
          16,
          19,
        ],
        [
          16,
          19,
        ],
        [
          17,
          0,
        ],
        [
          17,
          0,
        ],
        [
          17,
          2,
        ],
        [
          17,
          2,
        ],
        [
          17,
          7,
        ],
        [
          17,
          7,
        ],
        [
          17,
          7,
        ],
        [
          17,
          7,
        ],
        [
          17,
          7,
        ],
        [
          17,
          13,
        ],
        [
          17,
          13,
        ],
        [
          17,
          13,
        ],
        [
          18,
          11,
        ],
        [
          18,
          11,
        ],
        [
          18,
          11,
        ],
        [
          19,
          16,
        ],
        [
          19,
          16,
        ],
        [
          19,
          16,
        ],
        [
          19,
          16,
        ],
        [
          19,
          17,
        ],
        [
          19,
          17,
        ],
        [
          19,
          17,
        ],
      ],
      "nodeFeatureVectors": [
        [
          0,
          0,
          0,
          0,
          0,
          0,
          0,
          0,
          0,
          7,
          6,
        ],
        [
          0,
          0,
          0,
          0,
          0,
          8,
          8,
          0,
          1,
          14,
          2,
        ],
        [
          0,
          0,
          0,
          0,
          0,
          0,
          0,
          0,
          0,
          8,
          6,
        ],
        [
          0,
          0,
          0,
          0,
          0,
          0,
          0,
          0,
          1,
          11,
          7,
        ],
        [
          1,
          0,
          0,
          0,
          0,
          0,
          0,
          0,
          2,
          3,
          3,
        ],
        [
          0,
          0,
          0,
          0,
          0,
          13,
          13,
          0,
          1,
          20,
          5,
        ],
        [
          0,
          0,
          0,
          0,
          0,
          0,
          0,
          0,
          1,
          16,
          3,
        ],
        [
          0,
          0,
          0,
          0,
          0,
          5,
          5,
          0,
          1,
          9,
          5,
        ],
        [
          0,
          0,
          0,
          0,
          0,
          6,
          6,
          0,
          1,
          10,
          2,
        ],
        [
          0,
          0,
          0,
          0,
          0,
          3,
          3,
          0,
          1,
          5,
          5,
        ],
        [
          0,
          0,
          0,
          0,
          0,
          7,
          7,
          0,
          1,
          12,
          2,
        ],
        [
          0,
          0,
          0,
          0,
          0,
          9,
          9,
          0,
          1,
          15,
          2,
        ],
        [
          0,
          0,
          0,
          0,
          0,
          12,
          12,
          0,
          1,
          19,
          2,
        ],
        [
          0,
          0,
          0,
          0,
          0,
          1,
          1,
          0,
          1,
          1,
          1,
        ],
        [
          0,
          0,
          0,
          0,
          0,
          10,
          10,
          0,
          1,
          17,
          5,
        ],
        [
          0,
          0,
          0,
          0,
          0,
          0,
          0,
          0,
          2,
          13,
          4,
        ],
        [
          0,
          0,
          0,
          0,
          0,
          2,
          2,
          1,
          1,
          2,
          2,
        ],
        [
          0,
          0,
          0,
          0,
          0,
          4,
          4,
          2,
          1,
          6,
          2,
        ],
        [
          0,
          1,
          0,
          0,
          0,
          11,
          11,
          0,
          1,
          18,
          5,
        ],
        [
          0,
          0,
          0,
          0,
          0,
          0,
          0,
          0,
          1,
          4,
          4,
        ],
      ],
      "nodes": [
        "_2IFB4PYREe2O9IdeA_KGyQ",
        "_4EHcMM4OEe2WfbpzO7t8-A",
        "_4Xgt4PYREe2O9IdeA_KGyQ",
        "_59v3UM4OEe2WfbpzO7t8-A",
        "_5AugUPn-Ee2smM55zuHUhw",
        "_dHjvIPoAEe2smM55zuHUhw",
        "_gg-iAPoAEe2smM55zuHUhw",
        "_gu8-gPn-Ee2smM55zuHUhw",
        "_kjCCMM4OEe2WfbpzO7t8-A",
        "_KrFesfn-Ee2smM55zuHUhw",
        "_lJmS8M4OEe2WfbpzO7t8-A",
        "_Mmu2kPn_Ee2smM55zuHUhw",
        "_Oj0OUPn_Ee2smM55zuHUhw",
        "_PTF5sc4OEe2NwpxoRjsNIQ",
        "_PwW58Pn_Ee2smM55zuHUhw",
        "_qfI0QM4OEe2WfbpzO7t8-A",
        "_QGY-4M4OEe2NwpxoRjsNIQ",
        "_RY5voM4OEe2NwpxoRjsNIQ",
        "_U4qQgPn_Ee2smM55zuHUhw",
        "_uBXk4M4OEe2WfbpzO7t8-A",
      ],
    },
  ],
  "metadata": {
    "edgeFeatures": [],
    "idAttribute": "xmi:id",
    "nodeFeatures": [
      [
        "alias",
        "encoded-string",
        {
          "AppLauncher": 1,
        },
      ],
      [
        "isAbstract",
        "encoded-boolean",
        null,
      ],
      [
        "isActive",
        "encoded-boolean",
        null,
      ],
      [
        "isFinalSpecialization",
        "encoded-boolean",
        null,
      ],
      [
        "isLeaf",
        "encoded-boolean",
        null,
      ],
      [
        "name",
        "encoded-string",
        {
          "App": 2,
          "ArrayList": 10,
          "Collections": 9,
          "Int": 13,
          "Launcher": 5,
          "Lib": 4,
          "List": 11,
          "Logic": 7,
          "Main": 3,
          "Math": 12,
          "StdLib": 8,
          "Utils": 6,
          "package": 1,
        },
      ],
      [
        "qualifiedName",
        "encoded-string",
        {
          "package": 1,
          "package::App": 2,
          "package::App::Main": 3,
          "package::Lib": 4,
          "package::Lib::Launcher": 5,
          "package::Logic": 7,
          "package::StdLib": 8,
          "package::StdLib::Collections": 9,
          "package::StdLib::Collections::ArrayList": 10,
          "package::StdLib::Collections::List": 11,
          "package::StdLib::Math": 12,
          "package::StdLib::Math::Int": 13,
          "package::Utils": 6,
        },
      ],
      [
        "URI",
        "encoded-string",
        {
          "com.example.app": 1,
          "com.example.lib": 2,
        },
      ],
      [
        "visibility",
        "encoded-category",
        {
          "private": 2,
          "public": 1,
        },
      ],
      [
        "xmi:id",
        "encoded-string",
        {
          "_2IFB4PYREe2O9IdeA_KGyQ": 7,
          "_4EHcMM4OEe2WfbpzO7t8-A": 14,
          "_4Xgt4PYREe2O9IdeA_KGyQ": 8,
          "_59v3UM4OEe2WfbpzO7t8-A": 11,
          "_5AugUPn-Ee2smM55zuHUhw": 3,
          "_KrFesfn-Ee2smM55zuHUhw": 5,
          "_Mmu2kPn_Ee2smM55zuHUhw": 15,
          "_Oj0OUPn_Ee2smM55zuHUhw": 19,
          "_PTF5sc4OEe2NwpxoRjsNIQ": 1,
          "_PwW58Pn_Ee2smM55zuHUhw": 17,
          "_QGY-4M4OEe2NwpxoRjsNIQ": 2,
          "_RY5voM4OEe2NwpxoRjsNIQ": 6,
          "_U4qQgPn_Ee2smM55zuHUhw": 18,
          "_dHjvIPoAEe2smM55zuHUhw": 20,
          "_gg-iAPoAEe2smM55zuHUhw": 16,
          "_gu8-gPn-Ee2smM55zuHUhw": 9,
          "_kjCCMM4OEe2WfbpzO7t8-A": 10,
          "_lJmS8M4OEe2WfbpzO7t8-A": 12,
          "_qfI0QM4OEe2WfbpzO7t8-A": 13,
          "_uBXk4M4OEe2WfbpzO7t8-A": 4,
        },
      ],
      [
        "xmi:type",
        "encoded-category",
        {
          "Class": 5,
          "Dependency": 7,
          "ElementImport": 3,
          "Model": 1,
          "Package": 2,
          "PackageImport": 4,
          "PackageMerge": 6,
        },
      ],
    ],
    "typeAttributes": [
      "xmi:type",
      "xsi:type",
    ],
  },
}