{
  "data": [
    {
      "mapping": [
        "_yoiHINu2Ee65YvY_tzBAgQ",
        "_yxEYENu2Ee65YvY_tzBAgQ",
        "eu.yeger#generated-id-0",
        "_7gC6YNu2Ee65YvY_tzBAgQ",
        "_OgQboN0aEe6kj4CCWHMNuw",
        "_myJ5QN0aEe6kj4CCWHMNuw",
        "_-IKzMNu2Ee65YvY_tzBAgQ",
        "_Q2FY8Nu5Ee65YvY_tzBAgQ",
        "_zNKW0Nu5Ee65YvY_tzBAgQ",
        "_ZNSfANu6Ee65YvY_tzBAgQ",
        "_fmHpUNu6Ee65YvY_tzBAgQ",
        "_jaGRQNu6Ee65YvY_tzBAgQ",
        "_jZl68Nu6Ee65YvY_tzBAgQ",
        "_adJScNu8Ee65YvY_tzBAgQ",
        "_cJ36ANu8Ee65YvY_tzBAgQ",
        "_f9gVoN0aEe6kj4CCWHMNuw",
        "_iR3k8N0aEe6kj4CCWHMNuw",
        "_Lr_kQN0aEe6kj4CCWHMNuw",
        "_RBlv8N0aEe6kj4CCWHMNuw",
        "_7qZgYN_AEe6kj4CCWHMNuw",
        "_-Dv9YN_AEe6kj4CCWHMNuw",
        "_COyacN_BEe6kj4CCWHMNuw",
        "_E1syUN_BEe6kj4CCWHMNuw",
        "_xBwPAOB2Ee6kj4CCWHMNuw",
        "_0Fpd0OB2Ee6kj4CCWHMNuw",
      ],
      "paths": [
        {
          "edges": [
            "nestedPackage",
            "ownedType",
            "nestedClassifier",
          ],
          "nodes": [
            [
              0,
              "ownedPort.Model",
            ],
            [
              19,
              "ParentPackage.Package",
            ],
            [
              21,
              "ParentInterface.Interface",
            ],
            [
              22,
              "NestedInterface.Interface",
            ],
          ],
          "stepWeights": [
            1,
            1,
            1,
          ],
          "weight": 3,
        },
        {
          "edges": [
            "nestedPackage",
            "ownedType",
            "ownedMember",
          ],
          "nodes": [
            [
              0,
              "ownedPort.Model",
            ],
            [
              19,
              "ParentPackage.Package",
            ],
            [
              21,
              "ParentInterface.Interface",
            ],
            [
              22,
              "NestedInterface.Interface",
            ],
          ],
          "stepWeights": [
            1,
            1,
            1,
          ],
          "weight": 3,
        },
        {
          "edges": [
            "nestedPackage",
            "ownedType",
            "member",
          ],
          "nodes": [
            [
              0,
              "ownedPort.Model",
            ],
            [
              19,
              "ParentPackage.Package",
            ],
            [
              21,
              "ParentInterface.Interface",
            ],
            [
              22,
              "NestedInterface.Interface",
            ],
          ],
          "stepWeights": [
            1,
            1,
            1,
          ],
          "weight": 3,
        },
        {
          "edges": [
            "nestedPackage",
            "ownedType",
            "ownedElement",
          ],
          "nodes": [
            [
              0,
              "ownedPort.Model",
            ],
            [
              19,
              "ParentPackage.Package",
            ],
            [
              21,
              "ParentInterface.Interface",
            ],
            [
              22,
              "NestedInterface.Interface",
            ],
          ],
          "stepWeights": [
            1,
            1,
            1,
          ],
          "weight": 3,
        },
        {
          "edges": [
            "nestedPackage",
            "packagedElement",
            "nestedClassifier",
          ],
          "nodes": [
            [
              0,
              "ownedPort.Model",
            ],
            [
              19,
              "ParentPackage.Package",
            ],
            [
              21,
              "ParentInterface.Interface",
            ],
            [
              22,
              "NestedInterface.Interface",
            ],
          ],
          "stepWeights": [
            1,
            1,
            1,
          ],
          "weight": 3,
        },
        {
          "edges": [
            "nestedPackage",
            "packagedElement",
            "ownedMember",
          ],
          "nodes": [
            [
              0,
              "ownedPort.Model",
            ],
            [
              19,
              "ParentPackage.Package",
            ],
            [
              21,
              "ParentInterface.Interface",
            ],
            [
              22,
              "NestedInterface.Interface",
            ],
          ],
          "stepWeights": [
            1,
            1,
            1,
          ],
          "weight": 3,
        },
        {
          "edges": [
            "nestedPackage",
            "packagedElement",
            "member",
          ],
          "nodes": [
            [
              0,
              "ownedPort.Model",
            ],
            [
              19,
              "ParentPackage.Package",
            ],
            [
              21,
              "ParentInterface.Interface",
            ],
            [
              22,
              "NestedInterface.Interface",
            ],
          ],
          "stepWeights": [
            1,
            1,
            1,
          ],
          "weight": 3,
        },
        {
          "edges": [
            "nestedPackage",
            "packagedElement",
            "ownedElement",
          ],
          "nodes": [
            [
              0,
              "ownedPort.Model",
            ],
            [
              19,
              "ParentPackage.Package",
            ],
            [
              21,
              "ParentInterface.Interface",
            ],
            [
              22,
              "NestedInterface.Interface",
            ],
          ],
          "stepWeights": [
            1,
            1,
            1,
          ],
          "weight": 3,
        },
        {
          "edges": [
            "nestedPackage",
            "ownedMember",
            "nestedClassifier",
          ],
          "nodes": [
            [
              0,
              "ownedPort.Model",
            ],
            [
              19,
              "ParentPackage.Package",
            ],
            [
              21,
              "ParentInterface.Interface",
            ],
            [
              22,
              "NestedInterface.Interface",
            ],
          ],
          "stepWeights": [
            1,
            1,
            1,
          ],
          "weight": 3,
        },
        {
          "edges": [
            "nestedPackage",
            "ownedMember",
            "ownedMember",
          ],
          "nodes": [
            [
              0,
              "ownedPort.Model",
            ],
            [
              19,
              "ParentPackage.Package",
            ],
            [
              21,
              "ParentInterface.Interface",
            ],
            [
              22,
              "NestedInterface.Interface",
            ],
          ],
          "stepWeights": [
            1,
            1,
            1,
          ],
          "weight": 3,
        },
      ],
    },
  ],
  "metadata": {
    "idAttribute": "xmi:id",
    "typeAttributes": [
      "xmi:type",
      "xsi:type",
    ],
  },
}